{"status": "FAIL", "at": "2026-09-08T03:16:28.368186+00:00", "viewport": [1440, 900], "authentication": "actual guest HTTP redirects", "environment": "Owned loopback fixture; real headless Chrome, keyboard, Socket.IO and native Canvas/AudioContext", "limits": "Automated keyboard, not physical play; native audio method observations, not human hearing; controlled observer WebSocket closure, not WAN", "browser": "152.0.7977.77", "failure": "TimeoutError: Locator.click: Timeout 20000ms exceeded.", "cases": [{"case": "authoritative-feedback-audio-motion-and-online-keys", "status": "FAIL", "defaultMutedWithRealServerHitAndCanvasFlash": true, "gestureUnlockedNativeAudioAndRealOscillator": true, "audioStatusWhenEnabled": "소리 켜짐 · 서버의 실제 타격·득점에 맞춰 재생합니다.", "muteStopsNewNativeTonesWhileServerHitsContinue": true, "systemReducedMotionSuppressesRealFlashAndTrail": true, "motionSelectorSuppressesRealFlashAndTrail": true}], "pageErrors": [], "elapsedSeconds": 63.063}
Traceback (most recent call last):
  File "/Users/sm/dev_park/ft_transcendence_project/scripts/browser-online-final.py", line 476, in <module>
    asyncio.run(main())
  File "/opt/miniconda3/lib/python3.12/asyncio/runners.py", line 194, in run
    return runner.run(main)
           ^^^^^^^^^^^^^^^^
  File "/opt/miniconda3/lib/python3.12/asyncio/runners.py", line 118, in run
    return self._loop.run_until_complete(task)
           ^^^^^^^^^^^^^^^^^^^^^^^^^^^^^^^^^^^
  File "/opt/miniconda3/lib/python3.12/asyncio/base_events.py", line 685, in run_until_complete
    return future.result()
           ^^^^^^^^^^^^^^^
  File "/Users/sm/dev_park/ft_transcendence_project/scripts/browser-online-final.py", line 457, in main
    await getattr(checks, case)()
  File "/Users/sm/dev_park/ft_transcendence_project/scripts/browser-online-final.py", line 323, in effects
    await page.get_by_test_id('online-court').click(no_wait_after=True)
  File "/opt/miniconda3/lib/python3.12/site-packages/playwright/async_api/_generated.py", line 15497, in click
    await self._impl_obj.click(
  File "/opt/miniconda3/lib/python3.12/site-packages/playwright/_impl/_locator.py", line 160, in click
    return await self._frame.click(self._selector, strict=True, **params)
           ^^^^^^^^^^^^^^^^^^^^^^^^^^^^^^^^^^^^^^^^^^^^^^^^^^^^^^^^^^^^^^
  File "/opt/miniconda3/lib/python3.12/site-packages/playwright/_impl/_frame.py", line 549, in click
    await self._channel.send("click", self._timeout, locals_to_params(locals()))
  File "/opt/miniconda3/lib/python3.12/site-packages/playwright/_impl/_connection.py", line 69, in send
    return await self._connection.wrap_api_call(
           ^^^^^^^^^^^^^^^^^^^^^^^^^^^^^^^^^^^^^
  File "/opt/miniconda3/lib/python3.12/site-packages/playwright/_impl/_connection.py", line 558, in wrap_api_call
    raise rewrite_error(error, f"{parsed_st['apiName']}: {error}") from None
playwright._impl._errors.TimeoutError: Locator.click: Timeout 20000ms exceeded.
Call log:
  - waiting for get_by_test_id("online-court")
    - locator resolved to <canvas width="823" tabindex="0" height="548" role="application" data-v-5386c030="" class="arcade-canvas" data-testid="online-court" aria-label="온라인 Pong. 클릭 후 키보드로 조작합니다."></canvas>
  - attempting click action
    2 × waiting for element to be visible, enabled and stable
      - element is visible, enabled and stable
      - scrolling into view if needed
      - done scrolling
      - <div data-v-5386c030="" class="overlay-panel">…</div> from <div data-v-5386c030="" class="court-overlay" data-testid="online-result">…</div> subtree intercepts pointer events
    - retrying click action
    - waiting 20ms
    2 × waiting for element to be visible, enabled and stable
      - element is visible, enabled and stable
      - scrolling into view if needed
      - done scrolling
      - <div data-v-5386c030="" class="overlay-panel">…</div> from <div data-v-5386c030="" class="court-overlay" data-testid="online-result">…</div> subtree intercepts pointer events
    - retrying click action
      - waiting 100ms
    32 × waiting for element to be visible, enabled and stable
       - element is visible, enabled and stable
       - scrolling into view if needed
       - done scrolling
       - <div data-v-5386c030="" class="overlay-panel">…</div> from <div data-v-5386c030="" class="court-overlay" data-testid="online-result">…</div> subtree intercepts pointer events
     - retrying click action
       - waiting 500ms

