
[core] node --no-experimental-fetch node_modules/jest/bin/jest.js --config test/core-jest.json --runInBand --watchman=false (backend cwd)
PASS src/game/ai.spec.ts
PASS src/game/core.spec.ts
PASS src/game/protocol.spec.ts

Test Suites: 3 passed, 3 total
Tests:       43 passed, 43 total
Snapshots:   0 total
Time:        4.772 s, estimated 5 s
Ran all test suites.

[local] node --no-experimental-fetch node_modules/jest/bin/jest.js --config test/local-jest.json --runInBand --watchman=false (backend cwd)
PASS src/game/local-runner.spec.ts
  local keyboard ownership and simultaneous input
    ✓ both players hold movement while each action edge is consumed once (4 ms)
    ✓ opposite held keys are neutral, preserving an independent action (1 ms)
    ✓ only owned game keys prevent defaults; form/contenteditable input stays untouched (3 ms)
    ✓ blur/hidden clear held state and request pause; visibility return never requests resume (3 ms)
    ✓ surface blur, remapping, disable, and disposal release input (2 ms)
    ✓ attach is idempotent, Escape is a command edge, key repeat does not retrigger pause (1 ms)
    ✓ duplicate, reserved, and missing binding fields are rejected
    ✓ malformed persisted key fields and unavailable storage fall back to usable defaults (1 ms)
  local fixed-tick runner lifecycle
    ✓ start/stop/dispose are idempotent and late generations cannot create another RAF (2 ms)
    ✓ pause/resume drops hidden wall time and restarts with a neutral clock (4 ms)
    ✓ a long frame advances at most eight ticks and reports dropped time (2 ms)
    ✓ same seed/tick input yields identical states at 30, 60 and 120 RAF Hz (21 ms)
    ✓ separate matches, returned snapshots and restart do not share mutable state (5 ms)
    ✓ a full real-core match finishes once and restart creates another ready match (59 ms)
    ✓ restarting in an event callback cannot spend the old frame backlog on the new match (3 ms)
    ✓ a step failure stops the runner and reports the real error (2 ms)

Test Suites: 1 passed, 1 total
Tests:       16 passed, 16 total
Snapshots:   0 total
Time:        3.843 s, estimated 4 s
Ran all test suites.

[snapshot] node --no-experimental-fetch node_modules/jest/bin/jest.js --config test/snapshot-jest.json --runInBand --watchman=false (backend cwd)
ts-jest[config] (WARN) [94mmessage[0m[90m TS151001: [0mIf you have issues related to imports, you should consider setting `esModuleInterop` to `true` in your TypeScript configuration file (usually `tsconfig.json`). See https://blogs.msdn.microsoft.com/typescript/2018/01/31/announcing-typescript-2-7/#easier-ecmascript-module-interoperability for more information.
PASS src/game/snapshot-buffer.spec.ts
  captured snapshot presentation buffer
    ✓ presents real 60Hz core snapshots captured at 20Hz with 200ms injected arrival delay (30 ms)
    ✓ validates packets and caller time at runtime without changing valid state (2 ms)
    ✓ captures owned scalars and returns independently owned display state (3 ms)
    ✓ interpolates ball and both paddles with one common tick axis (1 ms)
    ✓ does not move presentation backward after a later jittered arrival or regressing local call (5 ms)
    ✓ discards late/duplicate sequences, backwards ticks and backwards arrival times (3 ms)
    ✓ freezes on underflow without extrapolation and counts underflow episodes (1 ms)
    ✓ holds across a point reset, then snaps without drawing the goal-to-center path (1 ms)
    ✓ does not interpolate across a rallyId discontinuity (4 ms)
    ✓ does not interpolate across a score discontinuity (3 ms)
    ✓ does not interpolate across a height discontinuity (3 ms)
    ✓ does not interpolate across a config discontinuity (1 ms)
    ✓ clears state on match replacement and explicit full resynchronization (1 ms)
    ✓ bounds retained snapshots at 32 and records actual sequence gaps/arrival jitter (6 ms)
    ✓ computes arrival interval statistics from actual accepted arrival times (1 ms)
    ✓ supports a latest-state comparator using the same captured snapshots (1 ms)

Test Suites: 1 passed, 1 total
Tests:       16 passed, 16 total
Snapshots:   0 total
Time:        4.319 s
Ran all test suites.

[frontend-contract] node --no-experimental-fetch node_modules/jest/bin/jest.js --config test/frontend-contract-jest.json --runInBand --watchman=false (backend cwd)
PASS src/game/frontend-lifecycle.spec.ts
  frontend game lifecycle and input contracts
    ✓ C08: repeated start owns only one RAF loop and one listener per event (162 ms)
    ✓ C08: stop removes the current loop and keyboard listeners (25 ms)
    ✓ C08: a late callback from a stopped generation cannot restart rendering (21 ms)
    ✓ C08: dispose is safe before start and when repeated (24 ms)
    ✓ C08: callbacks from a replaced generation cannot affect the new game (21 ms)
    ✓ C03: server ready roomMode=true is retained (37 ms)
    ✓ C03: server ready roomMode=false is retained (30 ms)
    ✓ C04: opposing held movement keys produce neutral input (37 ms)
    ✓ C04: held movement and a Power press are both represented (38 ms)

Test Suites: 1 passed, 1 total
Tests:       9 passed, 9 total
Snapshots:   0 total
Time:        0.822 s, estimated 1 s
Ran all test suites.

[online-session] node --no-experimental-fetch node_modules/jest/bin/jest.js --config test/online-session-jest.json --runInBand --watchman=false (backend cwd)
PASS src/game/online-session.spec.ts
  actual online session class with owned fake DOM and transport
    ✓ receives 20Hz snapshots without adding RAF loops or advancing simulation (12 ms)
    ✓ restores every owned listener and cancels late callbacks when disposed repeatedly (7 ms)
    ✓ ignores late transport status callbacks after the session owner is disposed (6 ms)
    ✓ ignores missing or wrong match IDs in result and connection status events (5 ms)
    ✓ sends held movement plus one ability edge using valid increasing DTOs (6 ms)
    ✓ refreshes a held movement at 100ms without manufacturing action presses (7 ms)
    ✓ ignores form typing and returns neutral input on focus loss (8 ms)
    ✓ clears held movement on window blur and hidden without stopping server rendering (4 ms)
    ✓ never emits spectator input, including blur, layout changes and disposal (8 ms)
    ✓ rejects invalid, wrong-match, duplicate and old snapshots (9 ms)
    ✓ owns ready and received snapshot data used for latest state and completion (7 ms)
    ✓ flushes the authoritative winning score on completion ahead of interpolation delay (5 ms)
    ✓ blocks old-generation input after reconnect until a new session supplies full ready (7 ms)
    ✓ measures input-to-ack round trip using the same injected local clock (8 ms)
    ✓ measures a matching latency probe with one local clock and rejects unknown nonce values (3 ms)
    ✓ does not accept a superseded probe callback as the current round trip (3 ms)
    ✓ does not change metrics from a latency probe callback after disposal (7 ms)

Test Suites: 1 passed, 1 total
Tests:       17 passed, 17 total
Snapshots:   0 total
Time:        0.593 s, estimated 1 s
Ran all test suites.

[online-result] node --no-experimental-fetch node_modules/jest/bin/jest.js --config test/online-result-jest.json --runInBand --watchman=false (backend cwd)
PASS src/game/online-result.spec.ts
  online result persistence notice
    ✓ never infers durable success from a match ending alone (4 ms)
    ✓ retains a failed save when the outcome screen requests its status (1 ms)
    ✓ reports saved only after the matching room receives saved confirmation (1 ms)
    ✓ ignores stale rooms, missing identity and malformed persistence states (2 ms)
    ✓ does not regress terminal saved on late retry events (1 ms)
    ✓ does not regress terminal failed on late retry events (2 ms)
    ✓ clears notices for new ready and ignores the previous match thereafter (1 ms)
    ✓ accepts only a current-room simulation abort and never turns it into a saved result (7 ms)

Test Suites: 1 passed, 1 total
Tests:       8 passed, 8 total
Snapshots:   0 total
Time:        0.555 s, estimated 1 s
Ran all test suites.

[arcade] node --no-experimental-fetch node_modules/jest/bin/jest.js --config test/arcade-jest.json --runInBand --watchman=false (backend cwd)
PASS src/game/legacy-regression.spec.ts (5.49 s)
  legacy normal-rally characterization (observed rules, not new contracts)
    ✓ moves a free ball by the legacy per-call velocity (2 ms)
    ✓ reflects the vertical velocity at the upper wall (1 ms)
    ✓ uses the legacy center-hit bias and charges only once while touching (1 ms)
    ✓ clamps upward movement at the top edge
    ✓ activates a fully charged Power paddle at its valid lower bound (1 ms)
    ✓ keeps at most one waiting player through the current sequential join path (4 ms)
  expected contracts: baseline regression candidates
    ✓ C01 removes only the requested user and preserves unrelated invitations (1 ms)
    ✓ C02 leaves unrelated invitations intact when the requested invite is absent (1 ms)
    ✓ C02 leaves present spectators intact when the requested spectator is absent
    ✓ C07 preserves a legal full downward step near the lower bound (1 ms)
    ✓ C09 publishes the actual generated match id returned by persistence (2 ms)
    ✓ C10 rejects a result update that affected no database row (1 ms)
    ✓ C10 reserves finalization before waiting for persistence during disconnect (1 ms)

Test Suites: 1 passed, 1 total
Tests:       13 passed, 13 total
Snapshots:   0 total
Time:        5.573 s
Ran all test suites.

[server] node --no-experimental-fetch node_modules/jest/bin/jest.js --config test/server-jest.json --runInBand --watchman=false (backend cwd)
PASS src/game/game-session.spec.ts (5.462 s)
PASS src/game/server-match-runner.spec.ts

Test Suites: 2 passed, 2 total
Tests:       14 passed, 14 total
Snapshots:   0 total
Time:        5.591 s, estimated 6 s
Ran all test suites.
All 8 unit suites completed successfully.
