  console.log
    WS ChatGateway init

      at ChatGateway.afterInit (src/chat/chat.gateway.ts:369:11)

  console.log
    value :  online

      at UserController.setStatus (src/user/user.controller.ts:32:11)

  console.log
    value :  ingame

      at UserController.setStatus (src/user/user.controller.ts:32:11)

FAIL test/online-rejected-session-browser.e2e-spec.ts (45.871 s)
  actual server-rejected tab transport recovery
    ✕ lets a rejected tab explicitly reconnect without reload after the original owner closes (39458 ms)

  ● actual server-rejected tab transport recovery › lets a rejected tab explicitly reconnect without reload after the original owner closes

    expect(received).toBe(expected) // Object.is equality

    Expected: 0
    Received: 1

      94 |       output,
      95 |     );
    > 96 |     expect(exit).toBe(0);
         |                  ^
      97 |   }, 180000);
      98 | });
      99 |

      at Object.<anonymous> (test/online-rejected-session-browser.e2e-spec.ts:96:18)

Test Suites: 1 failed, 1 total
Tests:       1 failed, 1 total
Snapshots:   0 total
Time:        45.979 s, estimated 48 s
Ran all test suites.
