  console.log
    WS ChatGateway init

      at ChatGateway.afterInit (src/chat/chat.gateway.ts:369:11)

  console.log
    value :  online

      at UserController.setStatus (src/user/user.controller.ts:32:11)

  console.log
    value :  ingame

      at UserController.setStatus (src/user/user.controller.ts:32:11)

FAIL test/online-rejected-session-browser.e2e-spec.ts (44.329 s)
  actual server-rejected tab transport recovery
    ✕ lets a rejected tab explicitly reconnect without reload after the original owner closes (37083 ms)

  ● actual server-rejected tab transport recovery › lets a rejected tab explicitly reconnect without reload after the original owner closes

    expect(received).toBe(expected) // Object.is equality

    Expected: 0
    Received: 1

       97 |       output,
       98 |     );
    >  99 |     expect(exit).toBe(0);
          |                  ^
      100 |   }, 180000);
      101 | });
      102 |

      at Object.<anonymous> (test/online-rejected-session-browser.e2e-spec.ts:99:18)

Test Suites: 1 failed, 1 total
Tests:       1 failed, 1 total
Snapshots:   0 total
Time:        44.401 s, estimated 46 s
Ran all test suites.
