
[home-guest-entry] node --no-experimental-fetch node_modules/jest/bin/jest.js --config test/home-guest-entry-jest.json --runInBand --watchman=false (backend cwd)
Browserslist: caniuse-lite is outdated. Please run:
  npx update-browserslist-db@latest
  Why you should do it regularly: https://github.com/browserslist/update-db#readme
-  Building for production...
Browserslist: caniuse-lite is outdated. Please run:
  npx update-browserslist-db@latest
  Why you should do it regularly: https://github.com/browserslist/update-db#readme
Browserslist: caniuse-lite is outdated. Please run:
  npx update-browserslist-db@latest
  Why you should do it regularly: https://github.com/browserslist/update-db#readme
Browserslist: caniuse-lite is outdated. Please run:
  npx update-browserslist-db@latest
  Why you should do it regularly: https://github.com/browserslist/update-db#readme
Browserslist: caniuse-lite is outdated. Please run:
  npx update-browserslist-db@latest
  Why you should do it regularly: https://github.com/browserslist/update-db#readme
Browserslist: caniuse-lite is outdated. Please run:
  npx update-browserslist-db@latest
  Why you should do it regularly: https://github.com/browserslist/update-db#readme
Browserslist: caniuse-lite is outdated. Please run:
  npx update-browserslist-db@latest
  Why you should do it regularly: https://github.com/browserslist/update-db#readme
Browserslist: caniuse-lite is outdated. Please run:
  npx update-browserslist-db@latest
  Why you should do it regularly: https://github.com/browserslist/update-db#readme
Browserslist: caniuse-lite is outdated. Please run:
  npx update-browserslist-db@latest
  Why you should do it regularly: https://github.com/browserslist/update-db#readme
Browserslist: caniuse-lite is outdated. Please run:
  npx update-browserslist-db@latest
  Why you should do it regularly: https://github.com/browserslist/update-db#readme
Browserslist: caniuse-lite is outdated. Please run:
  npx update-browserslist-db@latest
  Why you should do it regularly: https://github.com/browserslist/update-db#readme
Browserslist: caniuse-lite is outdated. Please run:
  npx update-browserslist-db@latest
  Why you should do it regularly: https://github.com/browserslist/update-db#readme
Browserslist: caniuse-lite is outdated. Please run:
  npx update-browserslist-db@latest
  Why you should do it regularly: https://github.com/browserslist/update-db#readme
Browserslist: caniuse-lite is outdated. Please run:
  npx update-browserslist-db@latest
  Why you should do it regularly: https://github.com/browserslist/update-db#readme
Browserslist: caniuse-lite is outdated. Please run:
  npx update-browserslist-db@latest
  Why you should do it regularly: https://github.com/browserslist/update-db#readme
Browserslist: caniuse-lite is outdated. Please run:
  npx update-browserslist-db@latest
  Why you should do it regularly: https://github.com/browserslist/update-db#readme
Browserslist: caniuse-lite is outdated. Please run:
  npx update-browserslist-db@latest
  Why you should do it regularly: https://github.com/browserslist/update-db#readme
Browserslist: caniuse-lite is outdated. Please run:
  npx update-browserslist-db@latest
  Why you should do it regularly: https://github.com/browserslist/update-db#readme
Browserslist: caniuse-lite is outdated. Please run:
  npx update-browserslist-db@latest
  Why you should do it regularly: https://github.com/browserslist/update-db#readme
Browserslist: caniuse-lite is outdated. Please run:
  npx update-browserslist-db@latest
  Why you should do it regularly: https://github.com/browserslist/update-db#readme
Browserslist: caniuse-lite is outdated. Please run:
  npx update-browserslist-db@latest
  Why you should do it regularly: https://github.com/browserslist/update-db#readme
Browserslist: caniuse-lite is outdated. Please run:
  npx update-browserslist-db@latest
  Why you should do it regularly: https://github.com/browserslist/update-db#readme
-  Building for production...
Browserslist: caniuse-lite is outdated. Please run:
  npx update-browserslist-db@latest
  Why you should do it regularly: https://github.com/browserslist/update-db#readme
Browserslist: caniuse-lite is outdated. Please run:
  npx update-browserslist-db@latest
  Why you should do it regularly: https://github.com/browserslist/update-db#readme
Browserslist: caniuse-lite is outdated. Please run:
  npx update-browserslist-db@latest
  Why you should do it regularly: https://github.com/browserslist/update-db#readme
Browserslist: caniuse-lite is outdated. Please run:
  npx update-browserslist-db@latest
  Why you should do it regularly: https://github.com/browserslist/update-db#readme
Browserslist: caniuse-lite is outdated. Please run:
  npx update-browserslist-db@latest
  Why you should do it regularly: https://github.com/browserslist/update-db#readme
Browserslist: caniuse-lite is outdated. Please run:
  npx update-browserslist-db@latest
  Why you should do it regularly: https://github.com/browserslist/update-db#readme
Browserslist: caniuse-lite is outdated. Please run:
  npx update-browserslist-db@latest
  Why you should do it regularly: https://github.com/browserslist/update-db#readme
Browserslist: caniuse-lite is outdated. Please run:
  npx update-browserslist-db@latest
  Why you should do it regularly: https://github.com/browserslist/update-db#readme
Browserslist: caniuse-lite is outdated. Please run:
  npx update-browserslist-db@latest
  Why you should do it regularly: https://github.com/browserslist/update-db#readme
Browserslist: caniuse-lite is outdated. Please run:
  npx update-browserslist-db@latest
  Why you should do it regularly: https://github.com/browserslist/update-db#readme
Browserslist: caniuse-lite is outdated. Please run:
  npx update-browserslist-db@latest
  Why you should do it regularly: https://github.com/browserslist/update-db#readme
Browserslist: caniuse-lite is outdated. Please run:
  npx update-browserslist-db@latest
  Why you should do it regularly: https://github.com/browserslist/update-db#readme
Browserslist: caniuse-lite is outdated. Please run:
  npx update-browserslist-db@latest
  Why you should do it regularly: https://github.com/browserslist/update-db#readme
Browserslist: caniuse-lite is outdated. Please run:
  npx update-browserslist-db@latest
  Why you should do it regularly: https://github.com/browserslist/update-db#readme
Browserslist: caniuse-lite is outdated. Please run:
  npx update-browserslist-db@latest
  Why you should do it regularly: https://github.com/browserslist/update-db#readme
Browserslist: caniuse-lite is outdated. Please run:
  npx update-browserslist-db@latest
  Why you should do it regularly: https://github.com/browserslist/update-db#readme
Browserslist: caniuse-lite is outdated. Please run:
  npx update-browserslist-db@latest
  Why you should do it regularly: https://github.com/browserslist/update-db#readme
Browserslist: caniuse-lite is outdated. Please run:
  npx update-browserslist-db@latest
  Why you should do it regularly: https://github.com/browserslist/update-db#readme
Browserslist: caniuse-lite is outdated. Please run:
  npx update-browserslist-db@latest
  Why you should do it regularly: https://github.com/browserslist/update-db#readme
Browserslist: caniuse-lite is outdated. Please run:
  npx update-browserslist-db@latest
  Why you should do it regularly: https://github.com/browserslist/update-db#readme
PASS test/home-guest-entry.e2e-spec.ts (124.396 s)
  Guest entry preserves one request, public fallback and login intent
    ✓ same-origin: real guest login creates one account and uses one full callback (9580 ms)
    ✓ same-origin: HTTP 503 stays on Login and the real public AI link works (7547 ms)
    ✓ split-origin: real guest login creates one account and uses one full callback (8629 ms)
    ✓ split-origin: HTTP 503 stays on Login and the real public AI link works (7276 ms)
    ✓ a fast double click issues one real guest request and one account (8604 ms)
    ✓ choosing public AI during a pending request prevents a late callback (7932 ms)
    ✓ the visible new-tab fallback preserves an allowlisted direct-entry intent (14643 ms)
    ✓ credential CORS is endpoint-scoped, exact-origin, and retained on disabled errors (102 ms)

Test Suites: 1 passed, 1 total
Tests:       8 passed, 8 total
Snapshots:   0 total
Time:        124.471 s
Ran all test suites.

[home-auth-prerequisites] node --no-experimental-fetch node_modules/jest/bin/jest.js --config test/home-auth-prerequisites-jest.json --runInBand --watchman=false (backend cwd)
PASS test/home-auth-prerequisites.e2e-spec.ts (43.379 s)
  Home online intent respects actual authentication prerequisites
    ✓ rejects an actually expired signed JWT before any online socket is created (6727 ms)
    ✓ retains the intended game behind missing-nickname setup and resumes after the actual profile form (10276 ms)
    ✓ keeps 2FA required until the original verification form succeeds, without sending external mail (9438 ms)

Test Suites: 1 passed, 1 total
Tests:       3 passed, 3 total
Snapshots:   0 total
Time:        43.458 s, estimated 44 s
Ran all test suites.

[online-browser] node --no-experimental-fetch node_modules/jest/bin/jest.js --config test/online-browser-jest.json --runInBand --watchman=false (backend cwd)
  console.log
    value :  online

      at UserController.setStatus (src/user/user.controller.ts:32:11)

  console.log
    value :  ingame

      at UserController.setStatus (src/user/user.controller.ts:32:11)

  console.log
    value :  online

      at UserController.setStatus (src/user/user.controller.ts:32:11)

  console.log
    value :  ingame

      at UserController.setStatus (src/user/user.controller.ts:32:11)

  console.log
    value :  online

      at UserController.setStatus (src/user/user.controller.ts:32:11)

PASS test/online-browser.e2e-spec.ts (55.377 s)
  two real browser clients with actual HTTP and Socket.IO authentication
    ✓ runs a real-time authenticated match from the existing /game route and persists its result (42736 ms)

Test Suites: 1 passed, 1 total
Tests:       1 passed, 1 total
Snapshots:   0 total
Time:        55.458 s
Ran all test suites.

[online-lifecycle-browser] node --no-experimental-fetch node_modules/jest/bin/jest.js --config test/online-lifecycle-browser-jest.json --runInBand --watchman=false (backend cwd)
  console.log
    value :  online

      at UserController.setStatus (src/user/user.controller.ts:32:11)

  console.log
    value :  ingame

      at UserController.setStatus (src/user/user.controller.ts:32:11)

  console.log
    value :  online

      at UserController.setStatus (src/user/user.controller.ts:32:11)

  console.log
    value :  ingame

      at UserController.setStatus (src/user/user.controller.ts:32:11)

  console.log
    value :  online

      at UserController.setStatus (src/user/user.controller.ts:32:11)

PASS test/online-lifecycle-browser.e2e-spec.ts (54.665 s)
  real browser reconnect and ownership lifecycle
    ✓ pauses a disconnected match, resumes full state with a new generation, and rejects another active tab (43327 ms)

Test Suites: 1 passed, 1 total
Tests:       1 passed, 1 total
Snapshots:   0 total
Time:        54.743 s
Ran all test suites.

[online-final-browser] node --no-experimental-fetch node_modules/jest/bin/jest.js --config test/online-final-browser-jest.json --runInBand --watchman=false (backend cwd)
  console.log
    WS ChatGateway init

      at ChatGateway.afterInit (src/chat/chat.gateway.ts:369:11)

  console.log
    value :  online

      at UserController.setStatus (src/user/user.controller.ts:32:11)

  console.log
    value :  ingame

      at UserController.setStatus (src/user/user.controller.ts:32:11)

  console.log
    value :  online

      at UserController.setStatus (src/user/user.controller.ts:32:11)

  console.log
    value :  ingame

      at UserController.setStatus (src/user/user.controller.ts:32:11)

  console.log
    value :  online

      at UserController.setStatus (src/user/user.controller.ts:32:11)

  console.log
    value :  online

      at UserController.setStatus (src/user/user.controller.ts:32:11)

  console.log
    value :  ingame

      at UserController.setStatus (src/user/user.controller.ts:32:11)

  console.log
    value :  online

      at UserController.setStatus (src/user/user.controller.ts:32:11)

  console.log
    value :  ingame

      at UserController.setStatus (src/user/user.controller.ts:32:11)

  console.log
    value :  online

      at UserController.setStatus (src/user/user.controller.ts:32:11)

  console.log
    value :  ingame

      at UserController.setStatus (src/user/user.controller.ts:32:11)

FAIL test/online-final-browser.e2e-spec.ts (154.644 s)
  independent final online browser scenarios
    ✕ executes the real browser match, observer and effects scenarios (148907 ms)

  ● independent final online browser scenarios › executes the real browser match, observer and effects scenarios

    expect(received).toBe(expected) // Object.is equality

    Expected: 0
    Received: 1

      74 |     });
      75 |     writeFileSync(resolve(evidence, 'online-final-python.log'), output);
    > 76 |     expect(exit).toBe(0);
         |                  ^
      77 |     const matches = await fixture.dataSource.getRepository(Match).find();
      78 |     const completed = matches.filter((match) => match.winner && match.loser);
      79 |     const scored = completed.filter((match) => match.winnerScore === 6);

      at Object.<anonymous> (test/online-final-browser.e2e-spec.ts:76:18)

Test Suites: 1 failed, 1 total
Tests:       1 failed, 1 total
Snapshots:   0 total
Time:        154.717 s
Ran all test suites.
