
[navigation] node --no-experimental-fetch node_modules/jest/bin/jest.js --config test/navigation-jest.json --runInBand --watchman=false (backend cwd)
PASS src/game/login-intent.spec.ts
  bounded online login intent across a full document redirect
    ✓ only permits the exact online destination /game (1 ms)
    ✓ only permits the exact online destination /invite (1 ms)
    ✓ only permits the exact online destination /spectate (1 ms)
    ✓ rejects invalid destinations ("https://example.com/game") (1 ms)
    ✓ rejects invalid destinations ("//example.com/game")
    ✓ rejects invalid destinations ("javascript:alert(1)") (2 ms)
    ✓ rejects invalid destinations ("/login?token=check") (2 ms)
    ✓ rejects invalid destinations ("/") (1 ms)
    ✓ rejects invalid destinations ("/play") (3 ms)
    ✓ rejects invalid destinations ("/game?next=https://example.com") (6 ms)
    ✓ rejects invalid destinations ("/game#fragment") (1 ms)
    ✓ rejects invalid destinations ("/game/") (5 ms)
    ✓ rejects invalid destinations ("/%67ame") (2 ms)
    ✓ rejects invalid destinations (["/game"])
    ✓ rejects invalid destinations ({"path": "/game"}) (1 ms)
    ✓ rejects invalid destinations (null) (3 ms)
    ✓ rejects invalid destinations (" /game") (2 ms)
    ✓ survives module reload, is single use, and stores no credentials (1 ms)
    ✓ expires after ten minutes and rejects future/corrupt records (1 ms)
    ✓ explicit cancellation removes a pending destination
    ✓ unavailable storage cannot break login or public play (1 ms)

Test Suites: 1 passed, 1 total
Tests:       21 passed, 21 total
Snapshots:   0 total
Time:        4.394 s, estimated 5 s
Ran all test suites.

[clock-recovery] node --no-experimental-fetch node_modules/jest/bin/jest.js --config test/clock-recovery-jest.json --runInBand --watchman=false (backend cwd)
ts-jest[config] (WARN) [94mmessage[0m[90m TS151001: [0mIf you have issues related to imports, you should consider setting `esModuleInterop` to `true` in your TypeScript configuration file (usually `tsconfig.json`). See https://blogs.msdn.microsoft.com/typescript/2018/01/31/announcing-typescript-2-7/#easier-ecmascript-module-interoperability for more information.
PASS src/game/clock-recovery.spec.ts (5.048 s)
  real runner and buffer recover interpolation after scheduler time loss
    ✓ establishes real 60Hz simulation/20Hz delivery and strict interpolation before impairment (35 ms)
    ✓ recovers strict interpolation within 300ms after a 200ms server stall (18 ms)
    ✓ recovers strict interpolation within 300ms after a 500ms server stall (45 ms)
    ✓ recovers strict interpolation within 300ms after a 1000ms server stall (12 ms)
    ✓ recovers within the same bound after each of three separate 500ms stalls (23 ms)
    ✓ keeps real interpolation and monotone presentation under bounded ±40ms arrival jitter (25 ms)
    ✓ recovers after a deliberate 500ms server pause/resume without inventing simulation ticks (13 ms)
    ✓ requires a fresh full-state buffer to accept a new runner incarnation and rejects delayed previous-instance packets (17 ms)

Test Suites: 1 passed, 1 total
Tests:       8 passed, 8 total
Snapshots:   0 total
Time:        5.111 s, estimated 9 s
Ran all test suites.

[feedback] node --no-experimental-fetch node_modules/jest/bin/jest.js --config test/feedback-jest.json --runInBand --watchman=false (backend cwd)
ts-jest[config] (WARN) [94mmessage[0m[90m TS151001: [0mIf you have issues related to imports, you should consider setting `esModuleInterop` to `true` in your TypeScript configuration file (usually `tsconfig.json`). See https://blogs.msdn.microsoft.com/typescript/2018/01/31/announcing-typescript-2-7/#easier-ecmascript-module-interoperability for more information.
PASS src/game/audio-feedback.spec.ts
PASS src/game/online-feedback.spec.ts
PASS src/game/event-presentation.spec.ts
PASS src/game/online-preferences.spec.ts

Test Suites: 4 passed, 4 total
Tests:       18 passed, 18 total
Snapshots:   0 total
Time:        4.638 s, estimated 6 s
Ran all test suites.

[core] node --no-experimental-fetch node_modules/jest/bin/jest.js --config test/core-jest.json --runInBand --watchman=false (backend cwd)
PASS src/game/ai.spec.ts
PASS src/game/protocol.spec.ts
PASS src/game/core.spec.ts

Test Suites: 3 passed, 3 total
Tests:       47 passed, 47 total
Snapshots:   0 total
Time:        4.867 s, estimated 17 s
Ran all test suites.

[local] node --no-experimental-fetch node_modules/jest/bin/jest.js --config test/local-jest.json --runInBand --watchman=false (backend cwd)
PASS src/game/local-runner.spec.ts
  local keyboard ownership and simultaneous input
    ✓ both players hold movement while each action edge is consumed once (2 ms)
    ✓ opposite held keys are neutral, preserving an independent action
    ✓ only owned game keys prevent defaults; form/contenteditable input stays untouched (3 ms)
    ✓ blur/hidden clear held state and request pause; visibility return never requests resume (3 ms)
    ✓ surface blur, remapping, disable, and disposal release input (1 ms)
    ✓ attach is idempotent, Escape is a command edge, key repeat does not retrigger pause (1 ms)
    ✓ duplicate, reserved, and missing binding fields are rejected (1 ms)
    ✓ malformed persisted key fields and unavailable storage fall back to usable defaults (1 ms)
  local fixed-tick runner lifecycle
    ✓ start/stop/dispose are idempotent and late generations cannot create another RAF (5 ms)
    ✓ pause/resume drops hidden wall time and restarts with a neutral clock (2 ms)
    ✓ a long frame advances at most eight ticks and reports dropped time (3 ms)
    ✓ same seed/tick input yields identical states at 30, 60 and 120 RAF Hz (23 ms)
    ✓ separate matches, returned snapshots and restart do not share mutable state (4 ms)
    ✓ a full real-core match finishes once and restart creates another ready match (49 ms)
    ✓ restarting in an event callback cannot spend the old frame backlog on the new match (2 ms)
    ✓ a step failure stops the runner and reports the real error (2 ms)

Test Suites: 1 passed, 1 total
Tests:       16 passed, 16 total
Snapshots:   0 total
Time:        4.789 s, estimated 5 s
Ran all test suites.

[snapshot] node --no-experimental-fetch node_modules/jest/bin/jest.js --config test/snapshot-jest.json --runInBand --watchman=false (backend cwd)
ts-jest[config] (WARN) [94mmessage[0m[90m TS151001: [0mIf you have issues related to imports, you should consider setting `esModuleInterop` to `true` in your TypeScript configuration file (usually `tsconfig.json`). See https://blogs.msdn.microsoft.com/typescript/2018/01/31/announcing-typescript-2-7/#easier-ecmascript-module-interoperability for more information.
PASS src/game/snapshot-buffer.spec.ts
  captured snapshot presentation buffer
    ✓ presents real 60Hz core snapshots captured at 20Hz with 200ms injected arrival delay (28 ms)
    ✓ validates packets and caller time at runtime without changing valid state (2 ms)
    ✓ captures owned scalars and returns independently owned display state (2 ms)
    ✓ interpolates ball and both paddles with one common tick axis (3 ms)
    ✓ does not move presentation backward after a later jittered arrival or regressing local call (3 ms)
    ✓ discards late/duplicate sequences, backwards ticks and backwards arrival times (1 ms)
    ✓ freezes on underflow without extrapolation and counts underflow episodes (1 ms)
    ✓ holds across a point reset, then snaps without drawing the goal-to-center path (1 ms)
    ✓ does not interpolate across a rallyId discontinuity (1 ms)
    ✓ does not interpolate across a score discontinuity (1 ms)
    ✓ does not interpolate across a height discontinuity (1 ms)
    ✓ does not interpolate across a config discontinuity (1 ms)
    ✓ clears state on match replacement and explicit full resynchronization (1 ms)
    ✓ bounds retained snapshots at 32 and records actual sequence gaps/arrival jitter (4 ms)
    ✓ computes arrival interval statistics from actual accepted arrival times
    ✓ supports a latest-state comparator using the same captured snapshots
    ✓ re-anchors only an explicit higher epoch and retains underflow/rejection diagnostics (2 ms)
    ✓ rejects old epochs and regressing sequence/tick/arrival even when a packet claims a newer epoch
    ✓ requires a deliberate full reset before adopting a different same-match server instance (1 ms)

Test Suites: 1 passed, 1 total
Tests:       19 passed, 19 total
Snapshots:   0 total
Time:        4.798 s, estimated 17 s
Ran all test suites.

[frontend-contract] node --no-experimental-fetch node_modules/jest/bin/jest.js --config test/frontend-contract-jest.json --runInBand --watchman=false (backend cwd)
PASS src/game/frontend-lifecycle.spec.ts
  frontend game lifecycle and input contracts
    ✓ C08: repeated start owns only one RAF loop and one listener per event (498 ms)
    ✓ C08: stop removes the current loop and keyboard listeners (25 ms)
    ✓ C08: a late callback from a stopped generation cannot restart rendering (14 ms)
    ✓ C08: dispose is safe before start and when repeated (17 ms)
    ✓ C08: callbacks from a replaced generation cannot affect the new game (16 ms)
    ✓ an old route unmount cannot dispose the new route canvas session (25 ms)
    ✓ C03: server ready roomMode=true is retained (18 ms)
    ✓ C03: server ready roomMode=false is retained (21 ms)
    ✓ C04: opposing held movement keys produce neutral input (23 ms)
    ✓ C04: held movement and a Power press are both represented (28 ms)

Test Suites: 1 passed, 1 total
Tests:       10 passed, 10 total
Snapshots:   0 total
Time:        1.797 s, estimated 3 s
Ran all test suites.

[online-session] node --no-experimental-fetch node_modules/jest/bin/jest.js --config test/online-session-jest.json --runInBand --watchman=false (backend cwd)
PASS src/game/online-session.spec.ts
  actual online session class with owned fake DOM and transport
    ✓ receives 20Hz snapshots without adding RAF loops or advancing simulation (11 ms)
    ✓ restores every owned listener and cancels late callbacks when disposed repeatedly (4 ms)
    ✓ ignores late transport status callbacks after the session owner is disposed (3 ms)
    ✓ ignores missing or wrong match IDs in result and connection status events (1 ms)
    ✓ sends held movement plus one ability edge using valid increasing DTOs (3 ms)
    ✓ refreshes a held movement at 100ms without manufacturing action presses (5 ms)
    ✓ captures only the selected online three-key preset while preserving neutral input on layout changes (7 ms)
    ✓ ignores form typing and returns neutral input on focus loss (3 ms)
    ✓ clears held movement on window blur and hidden without stopping server rendering (10 ms)
    ✓ never emits spectator input, including blur, layout changes and disposal (7 ms)
    ✓ rejects invalid, wrong-match, duplicate and old snapshots (4 ms)
    ✓ clears an actual presented hit flash at disconnect without inventing another event (2 ms)
    ✓ clears an actual presented hit flash at waiting without inventing another event (7 ms)
    ✓ adopts higher clock epochs without recreating input/RAF ownership and rejects past epochs or another instance (2 ms)
    ✓ uses a new full-ready session as the explicit boundary for a different server instance
    ✓ owns ready and received snapshot data used for latest state and completion (6 ms)
    ✓ flushes the authoritative winning score on completion ahead of interpolation delay (6 ms)
    ✓ sends server-confirmed feedback to the audio adapter only at presentation time, with no ready replay (7 ms)
    ✓ immediate complete exposes final score and only terminal-tick feedback, then stops RAF/input/listeners (3 ms)
    ✓ never creates point audio on forfeit completion when no core finished event exists (1 ms)
    ✓ blocks old-generation input after reconnect until a new session supplies full ready (1 ms)
    ✓ measures input-to-ack round trip using the same injected local clock (4 ms)
    ✓ measures a matching latency probe with one local clock and rejects unknown nonce values
    ✓ does not accept a superseded probe callback as the current round trip (1 ms)
    ✓ does not change metrics from a latency probe callback after disposal (1 ms)
  identified recovery request lifecycle
    ✓ requests last match identity and times out once without declaring an outcome (2 ms)
    ✓ rejects malformed, old-request and wrong-match replies and consumes the current reply once
    ✓ handles automatic ready before recovery acknowledgement without duplicate session construction (3 ms)
    ✓ does not reinterpret a higher input generation as permission to replace an active server instance (2 ms)
    ✓ keeps the owner timeout when a matching recovery ACK contains an inadmissible server instance (2 ms)
    ✓ ignores an old ready or end after a different match and blocks duplicate ends (2 ms)
    ✓ clears pending work and rejects callbacks after disposal (1 ms)
    ✓ resubscribes an observer without accepting player control or an old target response (1 ms)
    ✓ expires the installed Socket.IO ACK registry and send buffer after unacknowledged recovery (7 ms)

Test Suites: 1 passed, 1 total
Tests:       34 passed, 34 total
Snapshots:   0 total
Time:        0.938 s, estimated 2 s
Ran all test suites.

[online-result] node --no-experimental-fetch node_modules/jest/bin/jest.js --config test/online-result-jest.json --runInBand --watchman=false (backend cwd)
PASS src/game/online-result.spec.ts
  online result persistence notice
    ✓ never infers durable success from a match ending alone (1 ms)
    ✓ retains a failed save when the outcome screen requests its status (1 ms)
    ✓ reports saved only after the matching room receives saved confirmation (1 ms)
    ✓ ignores stale rooms, missing identity and malformed persistence states (1 ms)
    ✓ does not regress terminal saved on late retry events
    ✓ does not regress terminal failed on late retry events (2 ms)
    ✓ clears notices for new ready and ignores the previous match thereafter (1 ms)
    ✓ accepts only a current-room simulation abort and never turns it into a saved result (2 ms)

Test Suites: 1 passed, 1 total
Tests:       8 passed, 8 total
Snapshots:   0 total
Time:        0.387 s, estimated 1 s
Ran all test suites.

[arcade] node --no-experimental-fetch node_modules/jest/bin/jest.js --config test/arcade-jest.json --runInBand --watchman=false (backend cwd)
PASS src/game/legacy-regression.spec.ts (5.996 s)
  legacy normal-rally characterization (observed rules, not new contracts)
    ✓ moves a free ball by the legacy per-call velocity (2 ms)
    ✓ reflects the vertical velocity at the upper wall (1 ms)
    ✓ uses the legacy center-hit bias and charges only once while touching (1 ms)
    ✓ clamps upward movement at the top edge
    ✓ activates a fully charged Power paddle at its valid lower bound (1 ms)
    ✓ keeps at most one waiting player through the current sequential join path (3 ms)
  expected contracts: baseline regression candidates
    ✓ C01 removes only the requested user and preserves unrelated invitations (1 ms)
    ✓ C02 leaves unrelated invitations intact when the requested invite is absent (2 ms)
    ✓ C02 leaves present spectators intact when the requested spectator is absent (2 ms)
    ✓ C07 preserves a legal full downward step near the lower bound (1 ms)
    ✓ C09 publishes the actual generated match id returned by persistence (2 ms)
    ✓ C10 rejects a result update that affected no database row (3 ms)
    ✓ C10 reserves finalization before waiting for persistence during disconnect (2 ms)

Test Suites: 1 passed, 1 total
Tests:       13 passed, 13 total
Snapshots:   0 total
Time:        6.051 s, estimated 8 s
Ran all test suites.

[server] node --no-experimental-fetch node_modules/jest/bin/jest.js --config test/server-jest.json --runInBand --watchman=false (backend cwd)
PASS src/game/session-recovery.spec.ts (6.009 s)
PASS src/game/game-session.spec.ts
PASS src/game/server-match-runner.spec.ts

Test Suites: 3 passed, 3 total
Tests:       31 passed, 31 total
Snapshots:   0 total
Time:        7.053 s, estimated 13 s
Ran all test suites.
All 11 unit suites completed successfully.
