Browserslist: caniuse-lite is outdated. Please run:
  npx update-browserslist-db@latest
  Why you should do it regularly: https://github.com/browserslist/update-db#readme
All browser targets in the browserslist configuration have supported ES module.
Therefore we don't build two separate bundles for differential loading.


-  Building for production...
Browserslist: caniuse-lite is outdated. Please run:
  npx update-browserslist-db@latest
  Why you should do it regularly: https://github.com/browserslist/update-db#readme
Browserslist: caniuse-lite is outdated. Please run:
  npx update-browserslist-db@latest
  Why you should do it regularly: https://github.com/browserslist/update-db#readme
Browserslist: caniuse-lite is outdated. Please run:
  npx update-browserslist-db@latest
  Why you should do it regularly: https://github.com/browserslist/update-db#readme
Browserslist: caniuse-lite is outdated. Please run:
  npx update-browserslist-db@latest
  Why you should do it regularly: https://github.com/browserslist/update-db#readme
Browserslist: caniuse-lite is outdated. Please run:
  npx update-browserslist-db@latest
  Why you should do it regularly: https://github.com/browserslist/update-db#readme
Browserslist: caniuse-lite is outdated. Please run:
  npx update-browserslist-db@latest
  Why you should do it regularly: https://github.com/browserslist/update-db#readme
Browserslist: caniuse-lite is outdated. Please run:
  npx update-browserslist-db@latest
  Why you should do it regularly: https://github.com/browserslist/update-db#readme
Browserslist: caniuse-lite is outdated. Please run:
  npx update-browserslist-db@latest
  Why you should do it regularly: https://github.com/browserslist/update-db#readme
Browserslist: caniuse-lite is outdated. Please run:
  npx update-browserslist-db@latest
  Why you should do it regularly: https://github.com/browserslist/update-db#readme
Browserslist: caniuse-lite is outdated. Please run:
  npx update-browserslist-db@latest
  Why you should do it regularly: https://github.com/browserslist/update-db#readme
Browserslist: caniuse-lite is outdated. Please run:
  npx update-browserslist-db@latest
  Why you should do it regularly: https://github.com/browserslist/update-db#readme
Browserslist: caniuse-lite is outdated. Please run:
  npx update-browserslist-db@latest
  Why you should do it regularly: https://github.com/browserslist/update-db#readme
Browserslist: caniuse-lite is outdated. Please run:
  npx update-browserslist-db@latest
  Why you should do it regularly: https://github.com/browserslist/update-db#readme
Browserslist: caniuse-lite is outdated. Please run:
  npx update-browserslist-db@latest
  Why you should do it regularly: https://github.com/browserslist/update-db#readme
Browserslist: caniuse-lite is outdated. Please run:
  npx update-browserslist-db@latest
  Why you should do it regularly: https://github.com/browserslist/update-db#readme
Browserslist: caniuse-lite is outdated. Please run:
  npx update-browserslist-db@latest
  Why you should do it regularly: https://github.com/browserslist/update-db#readme
 WARNING  Compiled with 3 warnings10:17:07 AM

[eslint] 
/Users/sm/dev_park/ft_transcendence_project/frontend/src/components/ProfileSlider.vue
  89:11  warning  'response' is defined but never used  @typescript-eslint/no-unused-vars

/Users/sm/dev_park/ft_transcendence_project/frontend/src/components/chat/AdminSlider.vue
   70:15  warning  'onUnmounted' is defined but never used   @typescript-eslint/no-unused-vars
   78:51  warning  Unexpected any. Specify a different type  @typescript-eslint/no-explicit-any
  149:25  warning  Unexpected any. Specify a different type  @typescript-eslint/no-explicit-any

/Users/sm/dev_park/ft_transcendence_project/frontend/src/components/chat/ChannelDropdown.vue
  34:10  warning  'onUnmounted' is defined but never used   @typescript-eslint/no-unused-vars
  38:41  warning  Unexpected any. Specify a different type  @typescript-eslint/no-explicit-any
  43:47  warning  Unexpected any. Specify a different type  @typescript-eslint/no-explicit-any
  53:30  warning  Unexpected any. Specify a different type  @typescript-eslint/no-explicit-any
  81:43  warning  Unexpected any. Specify a different type  @typescript-eslint/no-explicit-any

/Users/sm/dev_park/ft_transcendence_project/frontend/src/components/chat/SearchChannelSlider.vue
  53:29  warning  Unexpected any. Specify a different type  @typescript-eslint/no-explicit-any
  61:52  warning  Unexpected any. Specify a different type  @typescript-eslint/no-explicit-any

/Users/sm/dev_park/ft_transcendence_project/frontend/src/components/chat/UserDropdown.vue
  27:15  warning  'onUnmounted' is defined but never used   @typescript-eslint/no-unused-vars
  31:54  warning  Unexpected any. Specify a different type  @typescript-eslint/no-explicit-any
  39:30  warning  Unexpected any. Specify a different type  @typescript-eslint/no-explicit-any

/Users/sm/dev_park/ft_transcendence_project/frontend/src/router/index.ts
    2:8   warning  'HomeView' is defined but never used      @typescript-eslint/no-unused-vars
    4:8   warning  'TfaView' is defined but never used       @typescript-eslint/no-unused-vars
    5:8   warning  'ChatView' is defined but never used      @typescript-eslint/no-unused-vars
    6:8   warning  'GameView' is defined but never used      @typescript-eslint/no-unused-vars
    7:8   warning  'InfoView' is defined but never used      @typescript-eslint/no-unused-vars
    8:8   warning  'BoardView' is defined but never used     @typescript-eslint/no-unused-vars
   27:26  warning  Unexpected any. Specify a different type  @typescript-eslint/no-explicit-any
   48:32  warning  Unexpected any. Specify a different type  @typescript-eslint/no-explicit-any
   52:30  warning  Unexpected any. Specify a different type  @typescript-eslint/no-explicit-any
   56:36  warning  Unexpected any. Specify a different type  @typescript-eslint/no-explicit-any
  108:36  warning  Unexpected any. Specify a different type  @typescript-eslint/no-explicit-any
  160:32  warning  Unexpected any. Specify a different type  @typescript-eslint/no-explicit-any
  173:42  warning  Unexpected any. Specify a different type  @typescript-eslint/no-explicit-any

/Users/sm/dev_park/ft_transcendence_project/frontend/src/store/index.ts
   31:19  warning  Unexpected any. Specify a different type  @typescript-eslint/no-explicit-any
   52:23  warning  Unexpected any. Specify a different type  @typescript-eslint/no-explicit-any
  162:37  warning  Unexpected any. Specify a different type  @typescript-eslint/no-explicit-any
  165:41  warning  Unexpected any. Specify a different type  @typescript-eslint/no-explicit-any
  172:34  warning  Unexpected any. Specify a different type  @typescript-eslint/no-explicit-any
  175:41  warning  Unexpected any. Specify a different type  @typescript-eslint/no-explicit-any
  182:37  warning  Unexpected any. Specify a different type  @typescript-eslint/no-explicit-any
  196:31  warning  Unexpected any. Specify a different type  @typescript-eslint/no-explicit-any
  256:25  warning  'payload' is defined but never used       @typescript-eslint/no-unused-vars
  262:23  warning  'payload' is defined but never used       @typescript-eslint/no-unused-vars

/Users/sm/dev_park/ft_transcendence_project/frontend/src/views/BoardView.vue
  65:10  warning  'defineComponent' is defined but never used      @typescript-eslint/no-unused-vars
  67:10  warning  'onMounted' is defined but never used            @typescript-eslint/no-unused-vars
  67:21  warning  'onUnmounted' is defined but never used          @typescript-eslint/no-unused-vars
  70:5   warning  'input_text' is assigned a value but never used  @typescript-eslint/no-unused-vars
  72:5   warning  'file' is assigned a value but never used        @typescript-eslint/no-unused-vars
  73:5   warning  'users' is assigned a value but never used       @typescript-eslint/no-unused-vars
  80:16  warning  'goTomain' is defined but never used             @typescript-eslint/no-unused-vars
  89:10  warning  'my_name' is defined but never used              @typescript-eslint/no-unused-vars
  93:10  warning  'get_upload_img_url' is defined but never used   @typescript-eslint/no-unused-vars

/Users/sm/dev_park/ft_transcendence_project/frontend/src/views/ChatView.vue
   29:8   warning  'axios' is defined but never used         @typescript-eslint/no-unused-vars
   40:50  warning  Unexpected any. Specify a different type  @typescript-eslint/no-explicit-any
   67:45  warning  Unexpected any. Specify a different type  @typescript-eslint/no-explicit-any
   73:48  warning  Unexpected any. Specify a different type  @typescript-eslint/no-explicit-any
   78:43  warning  Unexpected any. Specify a different type  @typescript-eslint/no-explicit-any
   88:50  warning  Unexpected any. Specify a different type  @typescript-eslint/no-explicit-any
   98:41  warning  Unexpected any. Specify a different type  @typescript-eslint/no-explicit-any
  103:42  warning  Unexpected any. Specify a different type  @typescript-eslint/no-explicit-any

✖ 54 problems (0 errors, 54 warnings)


You may use special comments to disable some warnings.
Use // eslint-disable-next-line to ignore the next line.
Use /* eslint-disable */ to ignore all warnings in a file.
 warning  

asset size limit: The following asset(s) exceed the recommended size limit (244 KiB).
This can impact web performance.
Assets: 
  js/chunk-vendors.8e57f6df.js (324 KiB)

 warning  

entrypoint size limit: The following entrypoint(s) combined asset size exceeds the recommended limit (244 KiB). This can impact web performance.
Entrypoints:
  app (473 KiB)
      js/chunk-vendors.8e57f6df.js
      css/app.dab1c39d.css
      js/app.56c46a4e.js


  File                                      Size             Gzipped

  ../../../../../private/tmp/ft-home-gue    324.01 KiB       106.71 KiB
  st-disabled-output/js/chunk-vendors.8e
  57f6df.js
  ../../../../../private/tmp/ft-home-gue    87.35 KiB        26.96 KiB
  st-disabled-output/js/app.56c46a4e.js
  ../../../../../private/tmp/ft-home-gue    29.14 KiB        7.00 KiB
  st-disabled-output/js/80.d21a6a87.js
  ../../../../../private/tmp/ft-home-gue    23.46 KiB        8.31 KiB
  st-disabled-output/js/236.29895268.js
  ../../../../../private/tmp/ft-home-gue    22.48 KiB        10.93 KiB
  st-disabled-output/js/457.977f7dba.js
  ../../../../../private/tmp/ft-home-gue    18.16 KiB        6.34 KiB
  st-disabled-output/js/633.627dd54d.js
  ../../../../../private/tmp/ft-home-gue    16.09 KiB        5.44 KiB
  st-disabled-output/js/378.bceef671.js
  ../../../../../private/tmp/ft-home-gue    11.76 KiB        5.61 KiB
  st-disabled-output/js/590.7fdde85d.js
  ../../../../../private/tmp/ft-home-gue    6.97 KiB         1.92 KiB
  st-disabled-output/js/487.d3866fb9.js
  ../../../../../private/tmp/ft-home-gue    4.30 KiB         1.99 KiB
  st-disabled-output/js/77.984b8aa5.js
  ../../../../../private/tmp/ft-home-gue    61.15 KiB        11.09 KiB
  st-disabled-output/css/app.dab1c39d.cs
  s
  ../../../../../private/tmp/ft-home-gue    6.51 KiB         1.80 KiB
  st-disabled-output/css/378.9ec6bcc7.cs
  s
  ../../../../../private/tmp/ft-home-gue    6.51 KiB         1.80 KiB
  st-disabled-output/css/633.9ec6bcc7.cs
  s

  Images and other types of assets omitted.
  Build at: 2026-09-08T01:17:07.933Z - Hash: 6f7483b7794b3b87 - Time: 24682ms

 DONE  Build complete. The ../../../../../private/tmp/ft-home-guest-disabled-output directory is ready to be deployed.
 INFO  Check out deployment instructions at https://cli.vuejs.org/guide/deployment.html
       
