FAIL test/home-auth-prerequisites.e2e-spec.ts (8.744 s)
  Home online intent respects actual authentication prerequisites
    ✕ rejects an actually expired signed JWT before any online socket is created
    ✕ retains the intended game behind missing-nickname setup and resumes after the actual profile form
    ✕ keeps 2FA required until the original verification form succeeds, without sending external mail

  ● Home online intent respects actual authentication prerequisites › rejects an actually expired signed JWT before any online socket is created

    Disposable online fixture initialization failed [connect/Error] (EPERM); inspect the isolated test setup

      184 |       'DataTypeNotSupportedError', 'DriverPackageNotInstalledError', 'ColumnTypeUndefinedError', 'MissingPrimaryColumnError', 'TypeORMError'];
      185 |     const category = categories.includes(error?.name) ? error.name : 'OtherError';
    > 186 |     throw new Error(`Disposable online fixture initialization failed [${stage}/${category}]${code}; inspect the isolated test setup`);
          |           ^
      187 |   }
      188 | }
      189 |

      at startOnlineFixture (test/online-fixture.ts:186:11)
      at Object.<anonymous> (test/home-auth-prerequisites.e2e-spec.ts:30:15)

  ● Home online intent respects actual authentication prerequisites › retains the intended game behind missing-nickname setup and resumes after the actual profile form

    Disposable online fixture initialization failed [connect/Error] (EPERM); inspect the isolated test setup

      184 |       'DataTypeNotSupportedError', 'DriverPackageNotInstalledError', 'ColumnTypeUndefinedError', 'MissingPrimaryColumnError', 'TypeORMError'];
      185 |     const category = categories.includes(error?.name) ? error.name : 'OtherError';
    > 186 |     throw new Error(`Disposable online fixture initialization failed [${stage}/${category}]${code}; inspect the isolated test setup`);
          |           ^
      187 |   }
      188 | }
      189 |

      at startOnlineFixture (test/online-fixture.ts:186:11)
      at Object.<anonymous> (test/home-auth-prerequisites.e2e-spec.ts:30:15)

  ● Home online intent respects actual authentication prerequisites › keeps 2FA required until the original verification form succeeds, without sending external mail

    Disposable online fixture initialization failed [connect/Error] (EPERM); inspect the isolated test setup

      184 |       'DataTypeNotSupportedError', 'DriverPackageNotInstalledError', 'ColumnTypeUndefinedError', 'MissingPrimaryColumnError', 'TypeORMError'];
      185 |     const category = categories.includes(error?.name) ? error.name : 'OtherError';
    > 186 |     throw new Error(`Disposable online fixture initialization failed [${stage}/${category}]${code}; inspect the isolated test setup`);
          |           ^
      187 |   }
      188 | }
      189 |

      at startOnlineFixture (test/online-fixture.ts:186:11)
      at Object.<anonymous> (test/home-auth-prerequisites.e2e-spec.ts:30:15)

Test Suites: 1 failed, 1 total
Tests:       3 failed, 3 total
Snapshots:   0 total
Time:        8.822 s
Ran all test suites.
