Traceback (most recent call last):
  File "/Users/sm/dev_park/ft_transcendence_project/docs/home-online-polish/evidence/home-service-layout-probe.py", line 45, in <module>
    for name,loc in targets.items():item['elements'][name]=loc.evaluate(MEASURE)
                                                           ^^^^^^^^^^^^^^^^^^^^^
  File "/opt/miniconda3/lib/python3.12/site-packages/playwright/sync_api/_generated.py", line 15743, in evaluate
    self._sync(
  File "/opt/miniconda3/lib/python3.12/site-packages/playwright/_impl/_sync_base.py", line 115, in _sync
    return task.result()
           ^^^^^^^^^^^^^
  File "/opt/miniconda3/lib/python3.12/site-packages/playwright/_impl/_locator.py", line 188, in evaluate
    return await self._with_element(
           ^^^^^^^^^^^^^^^^^^^^^^^^^
  File "/opt/miniconda3/lib/python3.12/site-packages/playwright/_impl/_locator.py", line 112, in _with_element
    handle = await self.element_handle(timeout=timeout)
             ^^^^^^^^^^^^^^^^^^^^^^^^^^^^^^^^^^^^^^^^^^
  File "/opt/miniconda3/lib/python3.12/site-packages/playwright/_impl/_locator.py", line 316, in element_handle
    handle = await self._frame.wait_for_selector(
             ^^^^^^^^^^^^^^^^^^^^^^^^^^^^^^^^^^^^
  File "/opt/miniconda3/lib/python3.12/site-packages/playwright/_impl/_frame.py", line 369, in wait_for_selector
    await self._channel.send(
  File "/opt/miniconda3/lib/python3.12/site-packages/playwright/_impl/_connection.py", line 69, in send
    return await self._connection.wrap_api_call(
           ^^^^^^^^^^^^^^^^^^^^^^^^^^^^^^^^^^^^^
  File "/opt/miniconda3/lib/python3.12/site-packages/playwright/_impl/_connection.py", line 558, in wrap_api_call
    raise rewrite_error(error, f"{parsed_st['apiName']}: {error}") from None
playwright._impl._errors.TimeoutError: Locator.evaluate: Timeout 15000ms exceeded.
Call log:
  - waiting for get_by_role("columnheader", name="Achievements", exact=True)

