Traceback (most recent call last):
  File "/Users/sm/dev_park/ft_transcendence_project/scripts/browser-online-recovery.py", line 57, in <module>
    pages[1].get_by_test_id('online-status').filter(has_text='일시정지').wait_for(timeout=65000)
  File "/opt/miniconda3/lib/python3.12/site-packages/playwright/sync_api/_generated.py", line 17975, in wait_for
    self._sync(self._impl_obj.wait_for(timeout=timeout, state=state))
  File "/opt/miniconda3/lib/python3.12/site-packages/playwright/_impl/_sync_base.py", line 115, in _sync
    return task.result()
           ^^^^^^^^^^^^^
  File "/opt/miniconda3/lib/python3.12/site-packages/playwright/_impl/_locator.py", line 692, in wait_for
    await self._frame.wait_for_selector(
  File "/opt/miniconda3/lib/python3.12/site-packages/playwright/_impl/_frame.py", line 369, in wait_for_selector
    await self._channel.send(
  File "/opt/miniconda3/lib/python3.12/site-packages/playwright/_impl/_connection.py", line 69, in send
    return await self._connection.wrap_api_call(
           ^^^^^^^^^^^^^^^^^^^^^^^^^^^^^^^^^^^^^
  File "/opt/miniconda3/lib/python3.12/site-packages/playwright/_impl/_connection.py", line 558, in wrap_api_call
    raise rewrite_error(error, f"{parsed_st['apiName']}: {error}") from None
playwright._impl._errors.TimeoutError: Locator.wait_for: Timeout 65000ms exceeded.
Call log:
  - waiting for get_by_test_id("online-status").filter(has_text="일시정지") to be visible

