Traceback (most recent call last):
  File "/Users/sm/dev_park/ft_transcendence_project/scripts/browser-online-recovery.py", line 132, in <module>
    pages[0].screenshot(path=str(out / f'n2-player-still-playing-after{tag}.png'), full_page=True)
  File "/opt/miniconda3/lib/python3.12/site-packages/playwright/sync_api/_generated.py", line 9784, in screenshot
    self._sync(
  File "/opt/miniconda3/lib/python3.12/site-packages/playwright/_impl/_sync_base.py", line 115, in _sync
    return task.result()
           ^^^^^^^^^^^^^
  File "/opt/miniconda3/lib/python3.12/site-packages/playwright/_impl/_page.py", line 818, in screenshot
    encoded_binary = await self._channel.send(
                     ^^^^^^^^^^^^^^^^^^^^^^^^^
  File "/opt/miniconda3/lib/python3.12/site-packages/playwright/_impl/_connection.py", line 69, in send
    return await self._connection.wrap_api_call(
           ^^^^^^^^^^^^^^^^^^^^^^^^^^^^^^^^^^^^^
  File "/opt/miniconda3/lib/python3.12/site-packages/playwright/_impl/_connection.py", line 558, in wrap_api_call
    raise rewrite_error(error, f"{parsed_st['apiName']}: {error}") from None
playwright._impl._errors.TimeoutError: Page.screenshot: Timeout 15000ms exceeded.
Call log:
  - taking page screenshot
  - waiting for fonts to load...
  - fonts loaded

