
[online] node --no-experimental-fetch node_modules/jest/bin/jest.js --config test/online-jest.json --runInBand --watchman=false (backend cwd)
PASS test/online-integration.e2e-spec.ts (27.564 s)
  real isolated online game service
    ✓ rejects missing, malformed, and signed-but-unknown-user authentication (115 ms)
    ✓ matches two authenticated clients, advances a full score-ended game, and stores that result (12524 ms)
    ✓ preserves friend invitation/refusal, accepted matches, and spectator updates (193 ms)

Test Suites: 1 passed, 1 total
Tests:       3 passed, 3 total
Snapshots:   0 total
Time:        27.768 s
Ran all test suites.

[lifecycle] node --no-experimental-fetch node_modules/jest/bin/jest.js --config test/lifecycle-jest.json --runInBand --watchman=false (backend cwd)
PASS test/online-lifecycle.e2e-spec.ts (21.542 s)
  real PostgreSQL result transactions and Socket.IO lifecycle
    ✓ uses unique real IDs for concurrent creation and after deletion (85 ms)
    ✓ commits concurrent wins and duplicate requests once with atomic nonduplicate achievements (388 ms)
    ✓ pauses short disconnects, resynchronizes new generations, rejects another active tab, and preserves spectators (629 ms)
    ✓ expires the real five-second grace and stores one disconnect result (5072 ms)
    ✓ rolls back a real database failure then retries the same result without duplicate achievements (358 ms)
    ✓ resolves an injected lost post-commit response by reading the real committed result on retry (327 ms)
    ✓ reports terminal storage failure after three real rollbacks and permits a fresh match (1433 ms)

Test Suites: 1 passed, 1 total
Tests:       7 passed, 7 total
Snapshots:   0 total
Time:        21.697 s
Ran all test suites.

[service] node --no-experimental-fetch node_modules/jest/bin/jest.js --config test/service-jest.json --runInBand --watchman=false (backend cwd)
PASS test/service-preservation.e2e-spec.ts (15.851 s)
  preserved services against disposable PostgreSQL and real HTTP/Socket.IO
    ✓ keeps protected profile and friends endpoints unauthorized without JWT (43 ms)
    ✓ preserves guest flag off/on, issued cookie, profile, profile image and friends (106 ms)
    ✓ preserves profile edits, friend persistence and the unmet-2FA HTTP guard (142 ms)
    ✓ authenticates two real chat clients and persists channel join, messages and leave (337 ms)
    ✓ keeps match history available while an unfinalized match exists (82 ms)

Test Suites: 1 passed, 1 total
Tests:       5 passed, 5 total
Snapshots:   0 total
Time:        16.029 s
Ran all test suites.
All 3 online suites completed successfully.
