{"status": "FAIL", "at": "2026-09-08T01:04:34.080236+00:00", "fixture": "same actual guest account and storage as before; loopback only", "checks": [{"name": "Home 1440 no horizontal overflow/rail overlap", "pass": true}, {"name": "Home 1440 local CTA visible", "pass": true}, {"name": "Home 1440 local CTA first viewport", "pass": true}, {"name": "Home 1440 ai CTA visible", "pass": true}, {"name": "Home 1440 ai CTA first viewport", "pass": true}, {"name": "Home 1440 online CTA visible", "pass": true}, {"name": "Home 1440 online CTA first viewport", "pass": true}, {"name": "Home 1366 no horizontal overflow/rail overlap", "pass": true}, {"name": "Home 1366 local CTA visible", "pass": true}, {"name": "Home 1366 local CTA first viewport", "pass": true}, {"name": "Home 1366 ai CTA visible", "pass": true}, {"name": "Home 1366 ai CTA first viewport", "pass": true}, {"name": "Home 1366 online CTA visible", "pass": true}, {"name": "Home 1366 online CTA first viewport", "pass": true}, {"name": "Home 1024 no horizontal overflow/rail overlap", "pass": true}, {"name": "Home 1024 local CTA visible", "pass": true}, {"name": "Home 1024 local CTA first viewport", "pass": true}, {"name": "Home 1024 ai CTA visible", "pass": true}, {"name": "Home 1024 ai CTA first viewport", "pass": true}, {"name": "Home 1024 online CTA visible", "pass": true}, {"name": "Home 1024 online CTA first viewport", "pass": true}, {"name": "Home 390 no horizontal overflow/rail overlap", "pass": true}, {"name": "Home 390 local CTA visible", "pass": true}, {"name": "Home 390 ai CTA visible", "pass": true}, {"name": "Home 390 online CTA visible", "pass": true}, {"name": "mobile account actions accessible", "pass": true}, {"name": "account Escape closes and restores focus", "pass": true}, {"name": "Home AI preserves rule/difficulty/key choice", "pass": true}, {"name": "AI waits for explicit Start", "pass": true}, {"name": "AI starts actual match", "pass": true}, {"name": "Home local actual entry", "pass": true}, {"name": "Home online opens lobby without auto matching", "pass": true}], "screens": [{"path": "after-home-1440x900.png", "width": 1440, "height": 900}, {"path": "after-home-1366x768.png", "width": 1366, "height": 768}, {"path": "after-home-1024x768.png", "width": 1024, "height": 768}, {"path": "after-home-390x844.png", "width": 390, "height": 844}], "browser": "152.0.7977.77"}
Traceback (most recent call last):
  File "/Users/sm/dev_park/ft_transcendence_project/scripts/browser-home-visual.py", line 46, in <module>
    page.goto(base+'/');page.get_by_test_id('home').wait_for();page.get_by_test_id('home-friends').click();page.get_by_role('dialog').wait_for();page.keyboard.press('Escape');page.get_by_role('dialog').wait_for(state='hidden');check('friends Escape focus returns',page.get_by_test_id('home-friends').evaluate('(e)=>document.activeElement===e'))
                                                                                                           ^^^^^^^^^^^^^^^^^^^^^^^^^^^^^^^^^^^^^
  File "/opt/miniconda3/lib/python3.12/site-packages/playwright/sync_api/_generated.py", line 17975, in wait_for
    self._sync(self._impl_obj.wait_for(timeout=timeout, state=state))
  File "/opt/miniconda3/lib/python3.12/site-packages/playwright/_impl/_sync_base.py", line 115, in _sync
    return task.result()
           ^^^^^^^^^^^^^
  File "/opt/miniconda3/lib/python3.12/site-packages/playwright/_impl/_locator.py", line 692, in wait_for
    await self._frame.wait_for_selector(
  File "/opt/miniconda3/lib/python3.12/site-packages/playwright/_impl/_frame.py", line 369, in wait_for_selector
    await self._channel.send(
  File "/opt/miniconda3/lib/python3.12/site-packages/playwright/_impl/_connection.py", line 69, in send
    return await self._connection.wrap_api_call(
           ^^^^^^^^^^^^^^^^^^^^^^^^^^^^^^^^^^^^^
  File "/opt/miniconda3/lib/python3.12/site-packages/playwright/_impl/_connection.py", line 558, in wrap_api_call
    raise rewrite_error(error, f"{parsed_st['apiName']}: {error}") from None
playwright._impl._errors.TimeoutError: Locator.wait_for: Timeout 30000ms exceeded.
Call log:
  - waiting for get_by_role("dialog") to be visible
    64 × locator resolved to hidden <div role="dialog" aria-modal="true" class="friends-dialog" id="headlessui-dialog-2" aria-labelledby="headlessui-dialog-title-4">…</div>

