yarn run v1.22.22
warning Skipping preferred cache folder "/Users/sm/Library/Caches/Yarn" because it is not writable.
warning Selected the next writable cache folder in the list, will be "/var/folders/hw/4ppkscb93dlb3h3jmsxt93qr0000gn/T/.yarn-cache-501".
$ vue-cli-service build
warning Cannot find a suitable global folder. Tried these: "/usr/local, /Users/sm/.yarn"
Browserslist: caniuse-lite is outdated. Please run:
  npx update-browserslist-db@latest
  Why you should do it regularly: https://github.com/browserslist/update-db#readme
All browser targets in the browserslist configuration have supported ES module.
Therefore we don't build two separate bundles for differential loading.


-  Building for production...
Browserslist: caniuse-lite is outdated. Please run:
  npx update-browserslist-db@latest
  Why you should do it regularly: https://github.com/browserslist/update-db#readme
Browserslist: caniuse-lite is outdated. Please run:
  npx update-browserslist-db@latest
  Why you should do it regularly: https://github.com/browserslist/update-db#readme
Browserslist: caniuse-lite is outdated. Please run:
  npx update-browserslist-db@latest
  Why you should do it regularly: https://github.com/browserslist/update-db#readme
Browserslist: caniuse-lite is outdated. Please run:
  npx update-browserslist-db@latest
  Why you should do it regularly: https://github.com/browserslist/update-db#readme
Browserslist: caniuse-lite is outdated. Please run:
  npx update-browserslist-db@latest
  Why you should do it regularly: https://github.com/browserslist/update-db#readme
Browserslist: caniuse-lite is outdated. Please run:
  npx update-browserslist-db@latest
  Why you should do it regularly: https://github.com/browserslist/update-db#readme
Browserslist: caniuse-lite is outdated. Please run:
  npx update-browserslist-db@latest
  Why you should do it regularly: https://github.com/browserslist/update-db#readme
Browserslist: caniuse-lite is outdated. Please run:
  npx update-browserslist-db@latest
  Why you should do it regularly: https://github.com/browserslist/update-db#readme
Browserslist: caniuse-lite is outdated. Please run:
  npx update-browserslist-db@latest
  Why you should do it regularly: https://github.com/browserslist/update-db#readme
Browserslist: caniuse-lite is outdated. Please run:
  npx update-browserslist-db@latest
  Why you should do it regularly: https://github.com/browserslist/update-db#readme
Browserslist: caniuse-lite is outdated. Please run:
  npx update-browserslist-db@latest
  Why you should do it regularly: https://github.com/browserslist/update-db#readme
Browserslist: caniuse-lite is outdated. Please run:
  npx update-browserslist-db@latest
  Why you should do it regularly: https://github.com/browserslist/update-db#readme
Browserslist: caniuse-lite is outdated. Please run:
  npx update-browserslist-db@latest
  Why you should do it regularly: https://github.com/browserslist/update-db#readme
Browserslist: caniuse-lite is outdated. Please run:
  npx update-browserslist-db@latest
  Why you should do it regularly: https://github.com/browserslist/update-db#readme
Browserslist: caniuse-lite is outdated. Please run:
  npx update-browserslist-db@latest
  Why you should do it regularly: https://github.com/browserslist/update-db#readme
Browserslist: caniuse-lite is outdated. Please run:
  npx update-browserslist-db@latest
  Why you should do it regularly: https://github.com/browserslist/update-db#readme
Browserslist: caniuse-lite is outdated. Please run:
  npx update-browserslist-db@latest
  Why you should do it regularly: https://github.com/browserslist/update-db#readme
Browserslist: caniuse-lite is outdated. Please run:
  npx update-browserslist-db@latest
  Why you should do it regularly: https://github.com/browserslist/update-db#readme
Browserslist: caniuse-lite is outdated. Please run:
  npx update-browserslist-db@latest
  Why you should do it regularly: https://github.com/browserslist/update-db#readme
 WARNING  Compiled with 3 warnings11:34:39 AM

[eslint] 
/Users/sm/dev_park/ft_transcendence_project/frontend/src/components/ProfileSlider.vue
  89:11  warning  'response' is defined but never used  @typescript-eslint/no-unused-vars

/Users/sm/dev_park/ft_transcendence_project/frontend/src/components/chat/AdminSlider.vue
   70:15  warning  'onUnmounted' is defined but never used   @typescript-eslint/no-unused-vars
   78:51  warning  Unexpected any. Specify a different type  @typescript-eslint/no-explicit-any
  149:25  warning  Unexpected any. Specify a different type  @typescript-eslint/no-explicit-any

/Users/sm/dev_park/ft_transcendence_project/frontend/src/components/chat/ChannelDropdown.vue
  34:10  warning  'onUnmounted' is defined but never used   @typescript-eslint/no-unused-vars
  38:41  warning  Unexpected any. Specify a different type  @typescript-eslint/no-explicit-any
  43:47  warning  Unexpected any. Specify a different type  @typescript-eslint/no-explicit-any
  53:30  warning  Unexpected any. Specify a different type  @typescript-eslint/no-explicit-any
  81:43  warning  Unexpected any. Specify a different type  @typescript-eslint/no-explicit-any

/Users/sm/dev_park/ft_transcendence_project/frontend/src/components/chat/SearchChannelSlider.vue
  53:29  warning  Unexpected any. Specify a different type  @typescript-eslint/no-explicit-any
  61:52  warning  Unexpected any. Specify a different type  @typescript-eslint/no-explicit-any

/Users/sm/dev_park/ft_transcendence_project/frontend/src/components/chat/UserDropdown.vue
  27:15  warning  'onUnmounted' is defined but never used   @typescript-eslint/no-unused-vars
  31:54  warning  Unexpected any. Specify a different type  @typescript-eslint/no-explicit-any
  39:30  warning  Unexpected any. Specify a different type  @typescript-eslint/no-explicit-any

/Users/sm/dev_park/ft_transcendence_project/frontend/src/router/index.ts
    2:8   warning  'HomeView' is defined but never used      @typescript-eslint/no-unused-vars
    4:8   warning  'TfaView' is defined but never used       @typescript-eslint/no-unused-vars
    5:8   warning  'ChatView' is defined but never used      @typescript-eslint/no-unused-vars
    6:8   warning  'GameView' is defined but never used      @typescript-eslint/no-unused-vars
    7:8   warning  'InfoView' is defined but never used      @typescript-eslint/no-unused-vars
    8:8   warning  'BoardView' is defined but never used     @typescript-eslint/no-unused-vars
   27:26  warning  Unexpected any. Specify a different type  @typescript-eslint/no-explicit-any
   48:32  warning  Unexpected any. Specify a different type  @typescript-eslint/no-explicit-any
   52:30  warning  Unexpected any. Specify a different type  @typescript-eslint/no-explicit-any
   56:36  warning  Unexpected any. Specify a different type  @typescript-eslint/no-explicit-any
  108:36  warning  Unexpected any. Specify a different type  @typescript-eslint/no-explicit-any
  160:32  warning  Unexpected any. Specify a different type  @typescript-eslint/no-explicit-any
  173:42  warning  Unexpected any. Specify a different type  @typescript-eslint/no-explicit-any

/Users/sm/dev_park/ft_transcendence_project/frontend/src/store/index.ts
   31:19  warning  Unexpected any. Specify a different type  @typescript-eslint/no-explicit-any
   52:23  warning  Unexpected any. Specify a different type  @typescript-eslint/no-explicit-any
  162:37  warning  Unexpected any. Specify a different type  @typescript-eslint/no-explicit-any
  165:41  warning  Unexpected any. Specify a different type  @typescript-eslint/no-explicit-any
  172:34  warning  Unexpected any. Specify a different type  @typescript-eslint/no-explicit-any
  175:41  warning  Unexpected any. Specify a different type  @typescript-eslint/no-explicit-any
  182:37  warning  Unexpected any. Specify a different type  @typescript-eslint/no-explicit-any
  196:31  warning  Unexpected any. Specify a different type  @typescript-eslint/no-explicit-any
  256:25  warning  'payload' is defined but never used       @typescript-eslint/no-unused-vars
  262:23  warning  'payload' is defined but never used       @typescript-eslint/no-unused-vars

/Users/sm/dev_park/ft_transcendence_project/frontend/src/views/BoardView.vue
  65:10  warning  'defineComponent' is defined but never used      @typescript-eslint/no-unused-vars
  67:10  warning  'onMounted' is defined but never used            @typescript-eslint/no-unused-vars
  67:21  warning  'onUnmounted' is defined but never used          @typescript-eslint/no-unused-vars
  70:5   warning  'input_text' is assigned a value but never used  @typescript-eslint/no-unused-vars
  72:5   warning  'file' is assigned a value but never used        @typescript-eslint/no-unused-vars
  73:5   warning  'users' is assigned a value but never used       @typescript-eslint/no-unused-vars
  80:16  warning  'goTomain' is defined but never used             @typescript-eslint/no-unused-vars
  89:10  warning  'my_name' is defined but never used              @typescript-eslint/no-unused-vars
  93:10  warning  'get_upload_img_url' is defined but never used   @typescript-eslint/no-unused-vars

/Users/sm/dev_park/ft_transcendence_project/frontend/src/views/ChatView.vue
   29:8   warning  'axios' is defined but never used         @typescript-eslint/no-unused-vars
   40:50  warning  Unexpected any. Specify a different type  @typescript-eslint/no-explicit-any
   67:45  warning  Unexpected any. Specify a different type  @typescript-eslint/no-explicit-any
   73:48  warning  Unexpected any. Specify a different type  @typescript-eslint/no-explicit-any
   78:43  warning  Unexpected any. Specify a different type  @typescript-eslint/no-explicit-any
   88:50  warning  Unexpected any. Specify a different type  @typescript-eslint/no-explicit-any
   98:41  warning  Unexpected any. Specify a different type  @typescript-eslint/no-explicit-any
  103:42  warning  Unexpected any. Specify a different type  @typescript-eslint/no-explicit-any

✖ 54 problems (0 errors, 54 warnings)


You may use special comments to disable some warnings.
Use // eslint-disable-next-line to ignore the next line.
Use /* eslint-disable */ to ignore all warnings in a file.
 warning  

asset size limit: The following asset(s) exceed the recommended size limit (244 KiB).
This can impact web performance.
Assets: 
  js/chunk-vendors.7d3a6c92.js (296 KiB)

 warning  

entrypoint size limit: The following entrypoint(s) combined asset size exceeds the recommended limit (244 KiB). This can impact web performance.
Entrypoints:
  app (449 KiB)
      js/chunk-vendors.7d3a6c92.js
      css/app.9205ceca.css
      js/app.07f4ea3a.js


  File                                 Size               Gzipped

  dist/js/chunk-vendors.7d3a6c92.js    296.19 KiB         97.54 KiB
  dist/js/app.07f4ea3a.js              91.91 KiB          28.05 KiB
  dist/js/54.44f46df0.js               29.11 KiB          7.00 KiB
  dist/js/236.c2553f6b.js              23.16 KiB          8.26 KiB
  dist/js/457.51162fec.js              22.36 KiB          10.88 KiB
  dist/js/193.3747e47e.js              11.74 KiB          5.59 KiB
  dist/js/633.63b95fcb.js              11.02 KiB          4.50 KiB
  dist/js/378.db78dfe1.js              9.02 KiB           3.71 KiB
  dist/js/917.7be43e4d.js              7.16 KiB           1.95 KiB
  dist/js/77.c12f95ed.js               5.82 KiB           2.38 KiB
  dist/css/app.9205ceca.css            61.23 KiB          11.11 KiB
  dist/css/378.9ec6bcc7.css            6.51 KiB           1.80 KiB
  dist/css/633.9ec6bcc7.css            6.51 KiB           1.80 KiB
  dist/css/54.21e70fb0.css             0.62 KiB           0.25 KiB
  dist/css/917.f357e5a2.css            0.30 KiB           0.19 KiB
  dist/css/193.59887a57.css            0.24 KiB           0.15 KiB

  Images and other types of assets omitted.
  Build at: 2026-09-08T02:34:39.383Z - Hash: dc1f683e5f5ce301 - Time: 16931ms

 DONE  Build complete. The dist directory is ready to be deployed.
 INFO  Check out deployment instructions at https://cli.vuejs.org/guide/deployment.html
       
Done in 19.63s.
