yarn run v1.22.22
warning Skipping preferred cache folder "/Users/sm/Library/Caches/Yarn" because it is not writable.
warning Selected the next writable cache folder in the list, will be "/var/folders/hw/4ppkscb93dlb3h3jmsxt93qr0000gn/T/.yarn-cache-501".
$ vue-cli-service build
warning Cannot find a suitable global folder. Tried these: "/usr/local, /Users/sm/.yarn"
Browserslist: caniuse-lite is outdated. Please run:
  npx update-browserslist-db@latest
  Why you should do it regularly: https://github.com/browserslist/update-db#readme
All browser targets in the browserslist configuration have supported ES module.
Therefore we don't build two separate bundles for differential loading.


-  Building for production...
Browserslist: caniuse-lite is outdated. Please run:
  npx update-browserslist-db@latest
  Why you should do it regularly: https://github.com/browserslist/update-db#readme
Browserslist: caniuse-lite is outdated. Please run:
  npx update-browserslist-db@latest
  Why you should do it regularly: https://github.com/browserslist/update-db#readme
Browserslist: caniuse-lite is outdated. Please run:
  npx update-browserslist-db@latest
  Why you should do it regularly: https://github.com/browserslist/update-db#readme
Browserslist: caniuse-lite is outdated. Please run:
  npx update-browserslist-db@latest
  Why you should do it regularly: https://github.com/browserslist/update-db#readme
Browserslist: caniuse-lite is outdated. Please run:
  npx update-browserslist-db@latest
  Why you should do it regularly: https://github.com/browserslist/update-db#readme
Browserslist: caniuse-lite is outdated. Please run:
  npx update-browserslist-db@latest
  Why you should do it regularly: https://github.com/browserslist/update-db#readme
Browserslist: caniuse-lite is outdated. Please run:
  npx update-browserslist-db@latest
  Why you should do it regularly: https://github.com/browserslist/update-db#readme
Browserslist: caniuse-lite is outdated. Please run:
  npx update-browserslist-db@latest
  Why you should do it regularly: https://github.com/browserslist/update-db#readme
[BABEL] Note: The code generator has deoptimised the styling of /Users/sm/dev_park/ft_transcendence_project/frontend/node_modules/@fortawesome/free-solid-svg-icons/index.es.js as it exceeds the max of 500KB.
Browserslist: caniuse-lite is outdated. Please run:
  npx update-browserslist-db@latest
  Why you should do it regularly: https://github.com/browserslist/update-db#readme
Browserslist: caniuse-lite is outdated. Please run:
  npx update-browserslist-db@latest
  Why you should do it regularly: https://github.com/browserslist/update-db#readme
Browserslist: caniuse-lite is outdated. Please run:
  npx update-browserslist-db@latest
  Why you should do it regularly: https://github.com/browserslist/update-db#readme
Browserslist: caniuse-lite is outdated. Please run:
  npx update-browserslist-db@latest
  Why you should do it regularly: https://github.com/browserslist/update-db#readme
Browserslist: caniuse-lite is outdated. Please run:
  npx update-browserslist-db@latest
  Why you should do it regularly: https://github.com/browserslist/update-db#readme
Browserslist: caniuse-lite is outdated. Please run:
  npx update-browserslist-db@latest
  Why you should do it regularly: https://github.com/browserslist/update-db#readme
 WARNING  Compiled with 3 warnings2:12:19 PM

[eslint] 
/Users/sm/dev_park/ft_transcendence_project/frontend/src/components/ProfileSlider.vue
  89:11  warning  'response' is defined but never used  @typescript-eslint/no-unused-vars

/Users/sm/dev_park/ft_transcendence_project/frontend/src/components/SideBar.vue
  94:9  warning  'onUnmounted' is defined but never used    @typescript-eslint/no-unused-vars
  96:7  warning  'link' is assigned a value but never used  @typescript-eslint/no-unused-vars

/Users/sm/dev_park/ft_transcendence_project/frontend/src/components/chat/AdminSlider.vue
   70:15  warning  'onUnmounted' is defined but never used   @typescript-eslint/no-unused-vars
   78:51  warning  Unexpected any. Specify a different type  @typescript-eslint/no-explicit-any
  149:25  warning  Unexpected any. Specify a different type  @typescript-eslint/no-explicit-any

/Users/sm/dev_park/ft_transcendence_project/frontend/src/components/chat/ChannelDropdown.vue
  34:10  warning  'onUnmounted' is defined but never used   @typescript-eslint/no-unused-vars
  38:41  warning  Unexpected any. Specify a different type  @typescript-eslint/no-explicit-any
  43:47  warning  Unexpected any. Specify a different type  @typescript-eslint/no-explicit-any
  53:30  warning  Unexpected any. Specify a different type  @typescript-eslint/no-explicit-any
  81:43  warning  Unexpected any. Specify a different type  @typescript-eslint/no-explicit-any

/Users/sm/dev_park/ft_transcendence_project/frontend/src/components/chat/SearchChannelSlider.vue
  53:29  warning  Unexpected any. Specify a different type  @typescript-eslint/no-explicit-any
  61:52  warning  Unexpected any. Specify a different type  @typescript-eslint/no-explicit-any

/Users/sm/dev_park/ft_transcendence_project/frontend/src/components/chat/UserDropdown.vue
  27:15  warning  'onUnmounted' is defined but never used   @typescript-eslint/no-unused-vars
  31:54  warning  Unexpected any. Specify a different type  @typescript-eslint/no-explicit-any
  39:30  warning  Unexpected any. Specify a different type  @typescript-eslint/no-explicit-any

/Users/sm/dev_park/ft_transcendence_project/frontend/src/components/game/SpectateSlider.vue
  48:31  warning  Unexpected any. Specify a different type  @typescript-eslint/no-explicit-any

/Users/sm/dev_park/ft_transcendence_project/frontend/src/models/GameImageService.ts
  22:10  warning  Forbidden non-null assertion  @typescript-eslint/no-non-null-assertion

/Users/sm/dev_park/ft_transcendence_project/frontend/src/plugins/background.ts
   1:8   warning  'store' is defined but never used       @typescript-eslint/no-unused-vars
   2:10  warning  'toHandlers' is defined but never used  @typescript-eslint/no-unused-vars
  12:19  warning  Forbidden non-null assertion            @typescript-eslint/no-non-null-assertion
  14:19  warning  Forbidden non-null assertion            @typescript-eslint/no-non-null-assertion

/Users/sm/dev_park/ft_transcendence_project/frontend/src/plugins/gamePlayService.ts
  2:10  warning  'Score' is defined but never used      @typescript-eslint/no-unused-vars
  9:9   warning  'GameState' is defined but never used  @typescript-eslint/no-unused-vars

/Users/sm/dev_park/ft_transcendence_project/frontend/src/plugins/keyboard.ts
  22:27  warning  Forbidden non-null assertion  @typescript-eslint/no-non-null-assertion

/Users/sm/dev_park/ft_transcendence_project/frontend/src/router/index.ts
    2:8   warning  'HomeView' is defined but never used      @typescript-eslint/no-unused-vars
    4:8   warning  'TfaView' is defined but never used       @typescript-eslint/no-unused-vars
    5:8   warning  'ChatView' is defined but never used      @typescript-eslint/no-unused-vars
    6:8   warning  'GameView' is defined but never used      @typescript-eslint/no-unused-vars
    7:8   warning  'InfoView' is defined but never used      @typescript-eslint/no-unused-vars
    8:8   warning  'BoardView' is defined but never used     @typescript-eslint/no-unused-vars
   26:26  warning  Unexpected any. Specify a different type  @typescript-eslint/no-explicit-any
   45:32  warning  Unexpected any. Specify a different type  @typescript-eslint/no-explicit-any
   49:30  warning  Unexpected any. Specify a different type  @typescript-eslint/no-explicit-any
   53:36  warning  Unexpected any. Specify a different type  @typescript-eslint/no-explicit-any
  105:36  warning  Unexpected any. Specify a different type  @typescript-eslint/no-explicit-any
  159:32  warning  Unexpected any. Specify a different type  @typescript-eslint/no-explicit-any
  185:42  warning  Unexpected any. Specify a different type  @typescript-eslint/no-explicit-any

/Users/sm/dev_park/ft_transcendence_project/frontend/src/store/index.ts
   30:19  warning  Unexpected any. Specify a different type  @typescript-eslint/no-explicit-any
   51:23  warning  Unexpected any. Specify a different type  @typescript-eslint/no-explicit-any
  157:37  warning  Unexpected any. Specify a different type  @typescript-eslint/no-explicit-any
  160:41  warning  Unexpected any. Specify a different type  @typescript-eslint/no-explicit-any
  167:34  warning  Unexpected any. Specify a different type  @typescript-eslint/no-explicit-any
  170:41  warning  Unexpected any. Specify a different type  @typescript-eslint/no-explicit-any
  177:37  warning  Unexpected any. Specify a different type  @typescript-eslint/no-explicit-any
  191:31  warning  Unexpected any. Specify a different type  @typescript-eslint/no-explicit-any
  249:25  warning  'payload' is defined but never used       @typescript-eslint/no-unused-vars
  255:23  warning  'payload' is defined but never used       @typescript-eslint/no-unused-vars

/Users/sm/dev_park/ft_transcendence_project/frontend/src/views/BoardView.vue
  65:10  warning  'defineComponent' is defined but never used      @typescript-eslint/no-unused-vars
  67:10  warning  'onMounted' is defined but never used            @typescript-eslint/no-unused-vars
  67:21  warning  'onUnmounted' is defined but never used          @typescript-eslint/no-unused-vars
  70:5   warning  'input_text' is assigned a value but never used  @typescript-eslint/no-unused-vars
  72:5   warning  'file' is assigned a value but never used        @typescript-eslint/no-unused-vars
  73:5   warning  'users' is assigned a value but never used       @typescript-eslint/no-unused-vars
  80:16  warning  'goTomain' is defined but never used             @typescript-eslint/no-unused-vars
  89:10  warning  'my_name' is defined but never used              @typescript-eslint/no-unused-vars
  93:10  warning  'get_upload_img_url' is defined but never used   @typescript-eslint/no-unused-vars

/Users/sm/dev_park/ft_transcendence_project/frontend/src/views/ChatView.vue
   29:8   warning  'axios' is defined but never used         @typescript-eslint/no-unused-vars
   40:50  warning  Unexpected any. Specify a different type  @typescript-eslint/no-explicit-any
   67:45  warning  Unexpected any. Specify a different type  @typescript-eslint/no-explicit-any
   73:48  warning  Unexpected any. Specify a different type  @typescript-eslint/no-explicit-any
   78:43  warning  Unexpected any. Specify a different type  @typescript-eslint/no-explicit-any
   88:50  warning  Unexpected any. Specify a different type  @typescript-eslint/no-explicit-any
   98:41  warning  Unexpected any. Specify a different type  @typescript-eslint/no-explicit-any
  103:42  warning  Unexpected any. Specify a different type  @typescript-eslint/no-explicit-any

/Users/sm/dev_park/ft_transcendence_project/frontend/src/views/GameView.vue
   55:5   warning  'mapChange' is assigned a value but never used  @typescript-eslint/no-unused-vars
  102:45  warning  Unexpected any. Specify a different type        @typescript-eslint/no-explicit-any
  141:17  warning  Forbidden non-null assertion                    @typescript-eslint/no-non-null-assertion
  151:17  warning  Forbidden non-null assertion                    @typescript-eslint/no-non-null-assertion
  168:10  warning  'setStatus' is defined but never used           @typescript-eslint/no-unused-vars

/Users/sm/dev_park/ft_transcendence_project/frontend/src/views/InviteGameView.vue
   41:41  warning  'onUpdated' is defined but never used           @typescript-eslint/no-unused-vars
   49:8   warning  'axios' is defined but never used               @typescript-eslint/no-unused-vars
   56:5   warning  'mapChange' is assigned a value but never used  @typescript-eslint/no-unused-vars
   96:40  warning  'data' is defined but never used                @typescript-eslint/no-unused-vars
   96:46  warning  Unexpected any. Specify a different type        @typescript-eslint/no-explicit-any
  101:45  warning  Unexpected any. Specify a different type        @typescript-eslint/no-explicit-any
  123:40  warning  'data' is defined but never used                @typescript-eslint/no-unused-vars
  127:54  warning  Unexpected any. Specify a different type        @typescript-eslint/no-explicit-any
  131:45  warning  Unexpected any. Specify a different type        @typescript-eslint/no-explicit-any
  156:17  warning  Forbidden non-null assertion                    @typescript-eslint/no-non-null-assertion
  166:17  warning  Forbidden non-null assertion                    @typescript-eslint/no-non-null-assertion

/Users/sm/dev_park/ft_transcendence_project/frontend/src/views/SpectateView.vue
  34:30  warning  'StartText' is defined but never used     @typescript-eslint/no-unused-vars
  37:8   warning  'axios' is defined but never used         @typescript-eslint/no-unused-vars
  48:47  warning  Unexpected any. Specify a different type  @typescript-eslint/no-explicit-any
  52:46  warning  Unexpected any. Specify a different type  @typescript-eslint/no-explicit-any
  57:48  warning  Unexpected any. Specify a different type  @typescript-eslint/no-explicit-any
  65:17  warning  Forbidden non-null assertion              @typescript-eslint/no-non-null-assertion
  80:17  warning  Forbidden non-null assertion              @typescript-eslint/no-non-null-assertion

✖ 88 problems (0 errors, 88 warnings)


You may use special comments to disable some warnings.
Use // eslint-disable-next-line to ignore the next line.
Use /* eslint-disable */ to ignore all warnings in a file.
 warning  

asset size limit: The following asset(s) exceed the recommended size limit (244 KiB).
This can impact web performance.
Assets: 
  img/background.48aa68a1.png (714 KiB)
  img/winter.6160dfd7.jpeg (614 KiB)
  js/chunk-vendors.d4bd0947.js (295 KiB)

 warning  

entrypoint size limit: The following entrypoint(s) combined asset size exceeds the recommended limit (244 KiB). This can impact web performance.
Entrypoints:
  app (387 KiB)
      js/chunk-vendors.d4bd0947.js
      css/app.474154bb.css
      js/app.1062761f.js


  File                                 Size               Gzipped

  dist/js/chunk-vendors.d4bd0947.js    294.77 KiB         97.05 KiB
  dist/js/app.1062761f.js              44.52 KiB          11.73 KiB
  dist/js/80.55fb6223.js               29.01 KiB          6.95 KiB
  dist/js/944.d9dc18ca.js              22.39 KiB          10.85 KiB
  dist/js/633.8f423aaa.js              12.31 KiB          7.70 KiB
  dist/js/787.cbd0262f.js              11.77 KiB          5.58 KiB
  dist/js/341.782e6cee.js              7.07 KiB           1.95 KiB
  dist/js/77.c5e5ad39.js               4.11 KiB           1.54 KiB
  dist/css/app.474154bb.css            47.77 KiB          7.00 KiB

  Images and other types of assets omitted.
  Build at: 2026-09-07T05:12:20.003Z - Hash: 98af88e05eff9f4b - Time: 16264ms

 DONE  Build complete. The dist directory is ready to be deployed.
 INFO  Check out deployment instructions at https://cli.vuejs.org/guide/deployment.html
       
Done in 19.12s.
