yarn run v1.22.22
warning Skipping preferred cache folder "/Users/sm/Library/Caches/Yarn" because it is not writable.
warning Selected the next writable cache folder in the list, will be "/var/folders/hw/4ppkscb93dlb3h3jmsxt93qr0000gn/T/.yarn-cache-501".
$ vue-cli-service build
warning Cannot find a suitable global folder. Tried these: "/usr/local, /Users/sm/.yarn"
Browserslist: caniuse-lite is outdated. Please run:
  npx update-browserslist-db@latest
  Why you should do it regularly: https://github.com/browserslist/update-db#readme
All browser targets in the browserslist configuration have supported ES module.
Therefore we don't build two separate bundles for differential loading.


-  Building for production...
Browserslist: caniuse-lite is outdated. Please run:
  npx update-browserslist-db@latest
  Why you should do it regularly: https://github.com/browserslist/update-db#readme
Browserslist: caniuse-lite is outdated. Please run:
  npx update-browserslist-db@latest
  Why you should do it regularly: https://github.com/browserslist/update-db#readme
Browserslist: caniuse-lite is outdated. Please run:
  npx update-browserslist-db@latest
  Why you should do it regularly: https://github.com/browserslist/update-db#readme
Browserslist: caniuse-lite is outdated. Please run:
  npx update-browserslist-db@latest
  Why you should do it regularly: https://github.com/browserslist/update-db#readme
Browserslist: caniuse-lite is outdated. Please run:
  npx update-browserslist-db@latest
  Why you should do it regularly: https://github.com/browserslist/update-db#readme
Browserslist: caniuse-lite is outdated. Please run:
  npx update-browserslist-db@latest
  Why you should do it regularly: https://github.com/browserslist/update-db#readme
Browserslist: caniuse-lite is outdated. Please run:
  npx update-browserslist-db@latest
  Why you should do it regularly: https://github.com/browserslist/update-db#readme
Browserslist: caniuse-lite is outdated. Please run:
  npx update-browserslist-db@latest
  Why you should do it regularly: https://github.com/browserslist/update-db#readme
Browserslist: caniuse-lite is outdated. Please run:
  npx update-browserslist-db@latest
  Why you should do it regularly: https://github.com/browserslist/update-db#readme
Browserslist: caniuse-lite is outdated. Please run:
  npx update-browserslist-db@latest
  Why you should do it regularly: https://github.com/browserslist/update-db#readme
Browserslist: caniuse-lite is outdated. Please run:
  npx update-browserslist-db@latest
  Why you should do it regularly: https://github.com/browserslist/update-db#readme
Browserslist: caniuse-lite is outdated. Please run:
  npx update-browserslist-db@latest
  Why you should do it regularly: https://github.com/browserslist/update-db#readme
Browserslist: caniuse-lite is outdated. Please run:
  npx update-browserslist-db@latest
  Why you should do it regularly: https://github.com/browserslist/update-db#readme
Browserslist: caniuse-lite is outdated. Please run:
  npx update-browserslist-db@latest
  Why you should do it regularly: https://github.com/browserslist/update-db#readme
 WARNING  Compiled with 3 warnings2:56:42 PM

[eslint] 
/Users/sm/dev_park/ft_transcendence_project/frontend/src/components/ProfileSlider.vue
  89:11  warning  'response' is defined but never used  @typescript-eslint/no-unused-vars

/Users/sm/dev_park/ft_transcendence_project/frontend/src/components/SideBar.vue
  100:9  warning  'onUnmounted' is defined but never used    @typescript-eslint/no-unused-vars
  102:7  warning  'link' is assigned a value but never used  @typescript-eslint/no-unused-vars

/Users/sm/dev_park/ft_transcendence_project/frontend/src/components/chat/AdminSlider.vue
   70:15  warning  'onUnmounted' is defined but never used   @typescript-eslint/no-unused-vars
   78:51  warning  Unexpected any. Specify a different type  @typescript-eslint/no-explicit-any
  149:25  warning  Unexpected any. Specify a different type  @typescript-eslint/no-explicit-any

/Users/sm/dev_park/ft_transcendence_project/frontend/src/components/chat/ChannelDropdown.vue
  34:10  warning  'onUnmounted' is defined but never used   @typescript-eslint/no-unused-vars
  38:41  warning  Unexpected any. Specify a different type  @typescript-eslint/no-explicit-any
  43:47  warning  Unexpected any. Specify a different type  @typescript-eslint/no-explicit-any
  53:30  warning  Unexpected any. Specify a different type  @typescript-eslint/no-explicit-any
  81:43  warning  Unexpected any. Specify a different type  @typescript-eslint/no-explicit-any

/Users/sm/dev_park/ft_transcendence_project/frontend/src/components/chat/SearchChannelSlider.vue
  53:29  warning  Unexpected any. Specify a different type  @typescript-eslint/no-explicit-any
  61:52  warning  Unexpected any. Specify a different type  @typescript-eslint/no-explicit-any

/Users/sm/dev_park/ft_transcendence_project/frontend/src/components/chat/UserDropdown.vue
  27:15  warning  'onUnmounted' is defined but never used   @typescript-eslint/no-unused-vars
  31:54  warning  Unexpected any. Specify a different type  @typescript-eslint/no-explicit-any
  39:30  warning  Unexpected any. Specify a different type  @typescript-eslint/no-explicit-any

/Users/sm/dev_park/ft_transcendence_project/frontend/src/components/game/SpectateSlider.vue
  48:31  warning  Unexpected any. Specify a different type  @typescript-eslint/no-explicit-any

/Users/sm/dev_park/ft_transcendence_project/frontend/src/router/index.ts
    2:8   warning  'HomeView' is defined but never used      @typescript-eslint/no-unused-vars
    4:8   warning  'TfaView' is defined but never used       @typescript-eslint/no-unused-vars
    5:8   warning  'ChatView' is defined but never used      @typescript-eslint/no-unused-vars
    6:8   warning  'GameView' is defined but never used      @typescript-eslint/no-unused-vars
    7:8   warning  'InfoView' is defined but never used      @typescript-eslint/no-unused-vars
    8:8   warning  'BoardView' is defined but never used     @typescript-eslint/no-unused-vars
   26:26  warning  Unexpected any. Specify a different type  @typescript-eslint/no-explicit-any
   45:32  warning  Unexpected any. Specify a different type  @typescript-eslint/no-explicit-any
   49:30  warning  Unexpected any. Specify a different type  @typescript-eslint/no-explicit-any
   53:36  warning  Unexpected any. Specify a different type  @typescript-eslint/no-explicit-any
  105:36  warning  Unexpected any. Specify a different type  @typescript-eslint/no-explicit-any
  159:32  warning  Unexpected any. Specify a different type  @typescript-eslint/no-explicit-any
  185:42  warning  Unexpected any. Specify a different type  @typescript-eslint/no-explicit-any

/Users/sm/dev_park/ft_transcendence_project/frontend/src/store/index.ts
   31:19  warning  Unexpected any. Specify a different type  @typescript-eslint/no-explicit-any
   52:23  warning  Unexpected any. Specify a different type  @typescript-eslint/no-explicit-any
  162:37  warning  Unexpected any. Specify a different type  @typescript-eslint/no-explicit-any
  165:41  warning  Unexpected any. Specify a different type  @typescript-eslint/no-explicit-any
  172:34  warning  Unexpected any. Specify a different type  @typescript-eslint/no-explicit-any
  175:41  warning  Unexpected any. Specify a different type  @typescript-eslint/no-explicit-any
  182:37  warning  Unexpected any. Specify a different type  @typescript-eslint/no-explicit-any
  196:31  warning  Unexpected any. Specify a different type  @typescript-eslint/no-explicit-any
  256:25  warning  'payload' is defined but never used       @typescript-eslint/no-unused-vars
  262:23  warning  'payload' is defined but never used       @typescript-eslint/no-unused-vars

/Users/sm/dev_park/ft_transcendence_project/frontend/src/views/BoardView.vue
  65:10  warning  'defineComponent' is defined but never used      @typescript-eslint/no-unused-vars
  67:10  warning  'onMounted' is defined but never used            @typescript-eslint/no-unused-vars
  67:21  warning  'onUnmounted' is defined but never used          @typescript-eslint/no-unused-vars
  70:5   warning  'input_text' is assigned a value but never used  @typescript-eslint/no-unused-vars
  72:5   warning  'file' is assigned a value but never used        @typescript-eslint/no-unused-vars
  73:5   warning  'users' is assigned a value but never used       @typescript-eslint/no-unused-vars
  80:16  warning  'goTomain' is defined but never used             @typescript-eslint/no-unused-vars
  89:10  warning  'my_name' is defined but never used              @typescript-eslint/no-unused-vars
  93:10  warning  'get_upload_img_url' is defined but never used   @typescript-eslint/no-unused-vars

/Users/sm/dev_park/ft_transcendence_project/frontend/src/views/ChatView.vue
   29:8   warning  'axios' is defined but never used         @typescript-eslint/no-unused-vars
   40:50  warning  Unexpected any. Specify a different type  @typescript-eslint/no-explicit-any
   67:45  warning  Unexpected any. Specify a different type  @typescript-eslint/no-explicit-any
   73:48  warning  Unexpected any. Specify a different type  @typescript-eslint/no-explicit-any
   78:43  warning  Unexpected any. Specify a different type  @typescript-eslint/no-explicit-any
   88:50  warning  Unexpected any. Specify a different type  @typescript-eslint/no-explicit-any
   98:41  warning  Unexpected any. Specify a different type  @typescript-eslint/no-explicit-any
  103:42  warning  Unexpected any. Specify a different type  @typescript-eslint/no-explicit-any

✖ 57 problems (0 errors, 57 warnings)


You may use special comments to disable some warnings.
Use // eslint-disable-next-line to ignore the next line.
Use /* eslint-disable */ to ignore all warnings in a file.
 warning  

asset size limit: The following asset(s) exceed the recommended size limit (244 KiB).
This can impact web performance.
Assets: 
  js/chunk-vendors.17bcf9ea.js (296 KiB)

 warning  

entrypoint size limit: The following entrypoint(s) combined asset size exceeds the recommended limit (244 KiB). This can impact web performance.
Entrypoints:
  app (437 KiB)
      js/chunk-vendors.17bcf9ea.js
      css/app.c1b79e37.css
      js/app.68cec3e7.js


  File                                 Size               Gzipped

  dist/js/chunk-vendors.17bcf9ea.js    296.14 KiB         97.52 KiB
  dist/js/app.68cec3e7.js              79.50 KiB          23.88 KiB
  dist/js/80.8c752f11.js               29.07 KiB          6.97 KiB
  dist/js/236.3685636d.js              23.09 KiB          8.22 KiB
  dist/js/944.86936433.js              22.45 KiB          10.88 KiB
  dist/js/633.56e2acbd.js              12.33 KiB          7.72 KiB
  dist/js/787.cddf3301.js              11.71 KiB          5.55 KiB
  dist/js/341.87f16da9.js              6.98 KiB           1.91 KiB
  dist/js/378.ec8eac30.js              5.90 KiB           2.87 KiB
  dist/js/77.fb179a5f.js               4.24 KiB           1.95 KiB
  dist/css/app.c1b79e37.css            61.45 KiB          10.83 KiB

  Images and other types of assets omitted.
  Build at: 2026-09-07T05:56:42.844Z - Hash: d171d1e2f5671b8b - Time: 13411ms

 DONE  Build complete. The dist directory is ready to be deployed.
 INFO  Check out deployment instructions at https://cli.vuejs.org/guide/deployment.html
       
Done in 15.35s.
