yarn run v1.22.22
warning Skipping preferred cache folder "/Users/sm/Library/Caches/Yarn" because it is not writable.
warning Selected the next writable cache folder in the list, will be "/var/folders/hw/4ppkscb93dlb3h3jmsxt93qr0000gn/T/.yarn-cache-501".
$ vue-cli-service lint --no-fix
warning Cannot find a suitable global folder. Tried these: "/usr/local, /Users/sm/.yarn"
Browserslist: caniuse-lite is outdated. Please run:
  npx update-browserslist-db@latest
  Why you should do it regularly: https://github.com/browserslist/update-db#readme

/Users/sm/dev_park/ft_transcendence_project/frontend/src/components/ProfileSlider.vue
  89:11  warning  'response' is defined but never used  @typescript-eslint/no-unused-vars

/Users/sm/dev_park/ft_transcendence_project/frontend/src/components/SideBar.vue
  100:9  warning  'onUnmounted' is defined but never used    @typescript-eslint/no-unused-vars
  102:7  warning  'link' is assigned a value but never used  @typescript-eslint/no-unused-vars

/Users/sm/dev_park/ft_transcendence_project/frontend/src/components/chat/AdminSlider.vue
   70:15  warning  'onUnmounted' is defined but never used   @typescript-eslint/no-unused-vars
   78:51  warning  Unexpected any. Specify a different type  @typescript-eslint/no-explicit-any
  149:25  warning  Unexpected any. Specify a different type  @typescript-eslint/no-explicit-any

/Users/sm/dev_park/ft_transcendence_project/frontend/src/components/chat/ChannelDropdown.vue
  34:10  warning  'onUnmounted' is defined but never used   @typescript-eslint/no-unused-vars
  38:41  warning  Unexpected any. Specify a different type  @typescript-eslint/no-explicit-any
  43:47  warning  Unexpected any. Specify a different type  @typescript-eslint/no-explicit-any
  53:30  warning  Unexpected any. Specify a different type  @typescript-eslint/no-explicit-any
  81:43  warning  Unexpected any. Specify a different type  @typescript-eslint/no-explicit-any

/Users/sm/dev_park/ft_transcendence_project/frontend/src/components/chat/SearchChannelSlider.vue
  53:29  warning  Unexpected any. Specify a different type  @typescript-eslint/no-explicit-any
  61:52  warning  Unexpected any. Specify a different type  @typescript-eslint/no-explicit-any

/Users/sm/dev_park/ft_transcendence_project/frontend/src/components/chat/UserDropdown.vue
  27:15  warning  'onUnmounted' is defined but never used   @typescript-eslint/no-unused-vars
  31:54  warning  Unexpected any. Specify a different type  @typescript-eslint/no-explicit-any
  39:30  warning  Unexpected any. Specify a different type  @typescript-eslint/no-explicit-any

/Users/sm/dev_park/ft_transcendence_project/frontend/src/components/game/SpectateSlider.vue
  48:31  warning  Unexpected any. Specify a different type  @typescript-eslint/no-explicit-any

/Users/sm/dev_park/ft_transcendence_project/frontend/src/models/GameImageService.ts
  22:10  warning  Forbidden non-null assertion  @typescript-eslint/no-non-null-assertion

/Users/sm/dev_park/ft_transcendence_project/frontend/src/plugins/background.ts
   1:8   warning  'store' is defined but never used       @typescript-eslint/no-unused-vars
   2:10  warning  'toHandlers' is defined but never used  @typescript-eslint/no-unused-vars
  12:19  warning  Forbidden non-null assertion            @typescript-eslint/no-non-null-assertion
  14:19  warning  Forbidden non-null assertion            @typescript-eslint/no-non-null-assertion

/Users/sm/dev_park/ft_transcendence_project/frontend/src/plugins/keyboard.ts
  22:27  warning  Forbidden non-null assertion  @typescript-eslint/no-non-null-assertion

/Users/sm/dev_park/ft_transcendence_project/frontend/src/plugins/score.ts
  5:1   error    Mixed spaces and tabs              no-mixed-spaces-and-tabs
  8:12  warning  'score' is defined but never used  @typescript-eslint/no-unused-vars

/Users/sm/dev_park/ft_transcendence_project/frontend/src/router/index.ts
    2:8   warning  'HomeView' is defined but never used      @typescript-eslint/no-unused-vars
    4:8   warning  'TfaView' is defined but never used       @typescript-eslint/no-unused-vars
    5:8   warning  'ChatView' is defined but never used      @typescript-eslint/no-unused-vars
    6:8   warning  'GameView' is defined but never used      @typescript-eslint/no-unused-vars
    7:8   warning  'InfoView' is defined but never used      @typescript-eslint/no-unused-vars
    8:8   warning  'BoardView' is defined but never used     @typescript-eslint/no-unused-vars
   26:26  warning  Unexpected any. Specify a different type  @typescript-eslint/no-explicit-any
   45:32  warning  Unexpected any. Specify a different type  @typescript-eslint/no-explicit-any
   49:30  warning  Unexpected any. Specify a different type  @typescript-eslint/no-explicit-any
   53:36  warning  Unexpected any. Specify a different type  @typescript-eslint/no-explicit-any
  105:36  warning  Unexpected any. Specify a different type  @typescript-eslint/no-explicit-any
  159:32  warning  Unexpected any. Specify a different type  @typescript-eslint/no-explicit-any
  185:42  warning  Unexpected any. Specify a different type  @typescript-eslint/no-explicit-any

/Users/sm/dev_park/ft_transcendence_project/frontend/src/store/index.ts
   31:19  warning  Unexpected any. Specify a different type  @typescript-eslint/no-explicit-any
   52:23  warning  Unexpected any. Specify a different type  @typescript-eslint/no-explicit-any
  162:37  warning  Unexpected any. Specify a different type  @typescript-eslint/no-explicit-any
  165:41  warning  Unexpected any. Specify a different type  @typescript-eslint/no-explicit-any
  172:34  warning  Unexpected any. Specify a different type  @typescript-eslint/no-explicit-any
  175:41  warning  Unexpected any. Specify a different type  @typescript-eslint/no-explicit-any
  182:37  warning  Unexpected any. Specify a different type  @typescript-eslint/no-explicit-any
  196:31  warning  Unexpected any. Specify a different type  @typescript-eslint/no-explicit-any
  256:25  warning  'payload' is defined but never used       @typescript-eslint/no-unused-vars
  262:23  warning  'payload' is defined but never used       @typescript-eslint/no-unused-vars

/Users/sm/dev_park/ft_transcendence_project/frontend/src/views/BoardView.vue
  65:10  warning  'defineComponent' is defined but never used      @typescript-eslint/no-unused-vars
  67:10  warning  'onMounted' is defined but never used            @typescript-eslint/no-unused-vars
  67:21  warning  'onUnmounted' is defined but never used          @typescript-eslint/no-unused-vars
  70:5   warning  'input_text' is assigned a value but never used  @typescript-eslint/no-unused-vars
  72:5   warning  'file' is assigned a value but never used        @typescript-eslint/no-unused-vars
  73:5   warning  'users' is assigned a value but never used       @typescript-eslint/no-unused-vars
  80:16  warning  'goTomain' is defined but never used             @typescript-eslint/no-unused-vars
  89:10  warning  'my_name' is defined but never used              @typescript-eslint/no-unused-vars
  93:10  warning  'get_upload_img_url' is defined but never used   @typescript-eslint/no-unused-vars

/Users/sm/dev_park/ft_transcendence_project/frontend/src/views/ChatView.vue
   29:8   warning  'axios' is defined but never used         @typescript-eslint/no-unused-vars
   40:50  warning  Unexpected any. Specify a different type  @typescript-eslint/no-explicit-any
   67:45  warning  Unexpected any. Specify a different type  @typescript-eslint/no-explicit-any
   73:48  warning  Unexpected any. Specify a different type  @typescript-eslint/no-explicit-any
   78:43  warning  Unexpected any. Specify a different type  @typescript-eslint/no-explicit-any
   88:50  warning  Unexpected any. Specify a different type  @typescript-eslint/no-explicit-any
   98:41  warning  Unexpected any. Specify a different type  @typescript-eslint/no-explicit-any
  103:42  warning  Unexpected any. Specify a different type  @typescript-eslint/no-explicit-any

/Users/sm/dev_park/ft_transcendence_project/frontend/tailwind.config.js
  53:7  error  Duplicate key 'keyframes'  no-dupe-keys

✖ 66 problems (2 errors, 64 warnings)

error Command failed with exit code 1.
info Visit https://yarnpkg.com/en/docs/cli/run for documentation about this command.
