FAIL backend/src/game/protocol.spec.ts
  untrusted game input and held/action contract
    ✓ accepts only the complete finite bounded input DTO (3 ms)
    ✓ keeps held movement independently of a one-shot action (2 ms)
    ✓ rejects duplicates, stale sessions, other rooms and excessive jumps (1 ms)
    ✓ expires missing releases but continuous refresh keeps a held key working (11 ms)
    ✓ bounds bursts without advancing a simulation or consuming unaccepted sequence (2 ms)
    ✓ clears movement and pending action on disconnect/focus loss (2 ms)
  snapshot capture and validation
    ✓ captures independent serializable data for delayed sends (1 ms)
    ✓ rejects invalid geometry, non-finite values and inconsistent phases (1 ms)
  independent-review contracts
    ✕ does not acknowledge received input until a simulation step applies it (3 ms)
    ✕ rejects a scored winner before the winning score is reached (2 ms)

  ● independent-review contracts › does not acknowledge received input until a simulation step applies it

    expect(received).toBe(expected) // Object.is equality

    Expected: 0
    Received: 1

      88 |     const inbox = new InputInbox('41', 1);
      89 |     inbox.receive(packet({ up: true }), 0);
    > 90 |     expect(inbox.ack).toBe(0);
         |                       ^
      91 |   });
      92 |   it('rejects a scored winner before the winning score is reached', () => {
      93 |     const snapshot = captureSnapshot(createGame(), '41', 1, { left: 0, right: 0 });

      at Object.<anonymous> (src/game/protocol.spec.ts:90:23)

  ● independent-review contracts › rejects a scored winner before the winning score is reached

    expect(received).toBe(expected) // Object.is equality

    Expected: false
    Received: true

      94 |     snapshot.state.phase = 'finished';
      95 |     snapshot.state.winner = 'left';
    > 96 |     expect(isSnapshot(snapshot)).toBe(false);
         |                                  ^
      97 |   });
      98 | });
      99 |

      at Object.<anonymous> (src/game/protocol.spec.ts:96:34)

Test Suites: 1 failed, 1 total
Tests:       2 failed, 8 passed, 10 total
Snapshots:   0 total
Time:        4.719 s
Ran all test suites within paths "backend/src/game/protocol.spec.ts".
