FAIL test/online-lifecycle.e2e-spec.ts (6.828 s)
  real PostgreSQL result transactions and Socket.IO lifecycle
    ✕ reports terminal storage failure after three real rollbacks and permits a fresh match (1453 ms)
    ○ skipped uses unique real IDs for concurrent creation and after deletion
    ○ skipped commits concurrent wins and duplicate requests once with atomic nonduplicate achievements
    ○ skipped pauses short disconnects, resynchronizes new generations, rejects another active tab, and preserves spectators
    ○ skipped expires the real five-second grace and stores one disconnect result
    ○ skipped rolls back a real database failure then retries the same result without duplicate achievements
    ○ skipped resolves an injected lost post-commit response by reading the real committed result on retry

  ● real PostgreSQL result transactions and Socket.IO lifecycle › reports terminal storage failure after three real rollbacks and permits a fresh match

    expect(received).resolves.toMatchObject()

    Received promise rejected instead of resolved
    Rejected to value: [TypeError: Cannot read properties of null (reading 'nickname')]

      233 |       const stored = await fixture.dataSource.getRepository(Match).findOne({ where: { id: Number(ready.roomId) } });
      234 |       expect(stored.winner).toBeNull();
    > 235 |       await expect(fixture.app.get(UserService).fetchMatch(users[0])).resolves.toMatchObject({ match: [] });
          |             ^
      236 |       const game = fixture.app.get(GameService) as any;
      237 |       expect(game.matchByUser.has(users[0].id)).toBe(false);
      238 |       expect(game.matchByUser.has(users[1].id)).toBe(false);

      at expect (node_modules/expect/build/index.js:128:15)
      at Object.<anonymous> (test/online-lifecycle.e2e-spec.ts:235:13)

Test Suites: 1 failed, 1 total
Tests:       1 failed, 6 skipped, 7 total
Snapshots:   0 total
Time:        6.871 s, estimated 15 s
Ran all test suites with tests matching "terminal storage".
