  console.log
    value :  online

      at UserController.setStatus (src/user/user.controller.ts:32:11)

  console.log
    value :  ingame

      at UserController.setStatus (src/user/user.controller.ts:32:11)

  console.log
    value :  online

      at UserController.setStatus (src/user/user.controller.ts:32:11)

  console.log
    value :  ingame

      at UserController.setStatus (src/user/user.controller.ts:32:11)

  console.log
    value :  online

      at UserController.setStatus (src/user/user.controller.ts:32:11)

PASS test/online-lifecycle-browser.e2e-spec.ts (53.954 s)
  real browser reconnect and ownership lifecycle
    ✓ pauses a disconnected match, resumes full state with a new generation, and rejects another active tab (42631 ms)

Test Suites: 1 passed, 1 total
Tests:       1 passed, 1 total
Snapshots:   0 total
Time:        54.003 s
Ran all test suites.
