{
  "output": "docs/arcade-upgrade/measurements",
  "scenarios": 9,
  "displayRuns": 100,
  "frameRows": 84100,
  "packetRows": 17550,
  "coreReplayHashesMatch": true,
  "simulationCpuMs": {
    "n": 3600,
    "mean": 0.0025380082262886896,
    "p50": 0.0011668205261230469,
    "p95": 0.0021250247955322266,
    "max": 0.6867079734802246
  },
  "aggregates": [
    {
      "scenario": "20hz_nominal_rtt_0",
      "viewer": "viewer",
      "mode": "latest",
      "repeats": 5,
      "motionP95Mean": 36.90000000000002,
      "motionMaxMean": 36.900000000000055,
      "sourceAgeMeanMsModel": 16.666666666666863,
      "sourceAgeP95MeanMsModel": 33.33333333333394,
      "sameTickErrorP95Mean": 0,
      "sameTickErrorMaxMean": 0,
      "zeroMotionFractionMean": 0.6739130434782609,
      "underflowEpisodesMean": 0,
      "measuredUnderflowEpisodesMean": 0,
      "deliveredJsonBytesMean": 217687,
      "displayCpuP95MeanMs": 0.00097503662109375
    },
    {
      "scenario": "20hz_nominal_rtt_0",
      "viewer": "viewer",
      "mode": "interpolate",
      "repeats": 5,
      "motionP95Mean": 12.30000000000002,
      "motionMaxMean": 12.30000000000002,
      "sourceAgeMeanMsModel": 100.69444444444444,
      "sourceAgeP95MeanMsModel": 100,
      "sameTickErrorP95Mean": 0,
      "sameTickErrorMaxMean": 16.049453286275003,
      "zeroMotionFractionMean": 0.021739130434782608,
      "underflowEpisodesMean": 0,
      "measuredUnderflowEpisodesMean": 0,
      "deliveredJsonBytesMean": 217687,
      "displayCpuP95MeanMs": 0.001775074005126953
    },
    {
      "scenario": "20hz_nominal_rtt_100",
      "viewer": "viewer",
      "mode": "latest",
      "repeats": 5,
      "motionP95Mean": 36.90000000000002,
      "motionMaxMean": 36.900000000000055,
      "sourceAgeMeanMsModel": 66.66666666666667,
      "sourceAgeP95MeanMsModel": 83.33333333333394,
      "sameTickErrorP95Mean": 0,
      "sameTickErrorMaxMean": 0,
      "zeroMotionFractionMean": 0.6739130434782609,
      "underflowEpisodesMean": 0,
      "measuredUnderflowEpisodesMean": 0,
      "deliveredJsonBytesMean": 216944,
      "displayCpuP95MeanMs": 0.0009664058685302735
    },
    {
      "scenario": "20hz_nominal_rtt_100",
      "viewer": "viewer",
      "mode": "interpolate",
      "repeats": 5,
      "motionP95Mean": 12.300000000001386,
      "motionMaxMean": 12.300000000001473,
      "sourceAgeMeanMsModel": 150.69444444444446,
      "sourceAgeP95MeanMsModel": 150,
      "sameTickErrorP95Mean": 0,
      "sameTickErrorMaxMean": 16.049453286275003,
      "zeroMotionFractionMean": 0.021739130434782608,
      "underflowEpisodesMean": 0,
      "measuredUnderflowEpisodesMean": 0,
      "deliveredJsonBytesMean": 216944,
      "displayCpuP95MeanMs": 0.0015667915344238282
    },
    {
      "scenario": "20hz_nominal_rtt_200",
      "viewer": "viewer",
      "mode": "latest",
      "repeats": 5,
      "motionP95Mean": 36.90000000000002,
      "motionMaxMean": 36.900000000000055,
      "sourceAgeMeanMsModel": 116.66666666666667,
      "sourceAgeP95MeanMsModel": 133.33333333333394,
      "sameTickErrorP95Mean": 0,
      "sameTickErrorMaxMean": 0,
      "zeroMotionFractionMean": 0.6739130434782609,
      "underflowEpisodesMean": 0,
      "measuredUnderflowEpisodesMean": 0,
      "deliveredJsonBytesMean": 216202,
      "displayCpuP95MeanMs": 0.0008580207824707032
    },
    {
      "scenario": "20hz_nominal_rtt_200",
      "viewer": "viewer",
      "mode": "interpolate",
      "repeats": 5,
      "motionP95Mean": 12.300000000001386,
      "motionMaxMean": 12.300000000001473,
      "sourceAgeMeanMsModel": 200.69444444444446,
      "sourceAgeP95MeanMsModel": 200,
      "sameTickErrorP95Mean": 0,
      "sameTickErrorMaxMean": 16.049453286275003,
      "zeroMotionFractionMean": 0.021739130434782608,
      "underflowEpisodesMean": 0,
      "measuredUnderflowEpisodesMean": 0,
      "deliveredJsonBytesMean": 216202,
      "displayCpuP95MeanMs": 0.001341533660888672
    },
    {
      "scenario": "30hz_nominal_rtt_100",
      "viewer": "viewer",
      "mode": "latest",
      "repeats": 5,
      "motionP95Mean": 24.60000000000004,
      "motionMaxMean": 24.60000000000004,
      "sourceAgeMeanMsModel": 58.333333333333336,
      "sourceAgeP95MeanMsModel": 66.66666666666788,
      "sameTickErrorP95Mean": 0,
      "sameTickErrorMaxMean": 0,
      "zeroMotionFractionMean": 0.5054229934924078,
      "underflowEpisodesMean": 0,
      "measuredUnderflowEpisodesMean": 0,
      "deliveredJsonBytesMean": 324804,
      "displayCpuP95MeanMs": 0.0008086204528808594
    },
    {
      "scenario": "30hz_nominal_rtt_100",
      "viewer": "viewer",
      "mode": "interpolate",
      "repeats": 5,
      "motionP95Mean": 12.30000000000002,
      "motionMaxMean": 12.30000000000002,
      "sourceAgeMeanMsModel": 150.2314814814815,
      "sourceAgeP95MeanMsModel": 150,
      "sameTickErrorP95Mean": 0,
      "sameTickErrorMaxMean": 5.152096183532729,
      "zeroMotionFractionMean": 0.010845986984815618,
      "underflowEpisodesMean": 0,
      "measuredUnderflowEpisodesMean": 0,
      "deliveredJsonBytesMean": 324804,
      "displayCpuP95MeanMs": 0.001291370391845703
    },
    {
      "scenario": "60hz_nominal_rtt_100",
      "viewer": "viewer",
      "mode": "latest",
      "repeats": 5,
      "motionP95Mean": 12.30000000000002,
      "motionMaxMean": 12.30000000000002,
      "sourceAgeMeanMsModel": 50,
      "sourceAgeP95MeanMsModel": 50,
      "sameTickErrorP95Mean": 0,
      "sameTickErrorMaxMean": 0,
      "zeroMotionFractionMean": 0,
      "underflowEpisodesMean": 0,
      "measuredUnderflowEpisodesMean": 0,
      "deliveredJsonBytesMean": 649630,
      "displayCpuP95MeanMs": 0.0008250236511230469
    },
    {
      "scenario": "60hz_nominal_rtt_100",
      "viewer": "viewer",
      "mode": "interpolate",
      "repeats": 5,
      "motionP95Mean": 12.30000000000002,
      "motionMaxMean": 12.30000000000002,
      "sourceAgeMeanMsModel": 150,
      "sourceAgeP95MeanMsModel": 150,
      "sameTickErrorP95Mean": 0,
      "sameTickErrorMaxMean": 0,
      "zeroMotionFractionMean": 0,
      "underflowEpisodesMean": 0,
      "measuredUnderflowEpisodesMean": 0,
      "deliveredJsonBytesMean": 649630,
      "displayCpuP95MeanMs": 0.0009500026702880859
    },
    {
      "scenario": "20hz_ordered_jitter",
      "viewer": "viewer",
      "mode": "latest",
      "repeats": 5,
      "motionP95Mean": 36.900000000000055,
      "motionMaxMean": 73.80000000000011,
      "sourceAgeMeanMsModel": 76.33333333333333,
      "sourceAgeP95MeanMsModel": 116.66666666666788,
      "sameTickErrorP95Mean": 0,
      "sameTickErrorMaxMean": 0,
      "zeroMotionFractionMean": 0.7122174671866723,
      "underflowEpisodesMean": 0,
      "measuredUnderflowEpisodesMean": 0,
      "deliveredJsonBytesMean": 216350.4,
      "displayCpuP95MeanMs": 0.0008084297180175782
    },
    {
      "scenario": "20hz_ordered_jitter",
      "viewer": "viewer",
      "mode": "interpolate",
      "repeats": 5,
      "motionP95Mean": 17.018389519616612,
      "motionMaxMean": 29.318389519617046,
      "sourceAgeMeanMsModel": 112.82666114847261,
      "sourceAgeP95MeanMsModel": 126.67607526977876,
      "sameTickErrorP95Mean": 2.2737367544323207e-14,
      "sameTickErrorMaxMean": 11.133878629448219,
      "zeroMotionFractionMean": 0.048279814341195416,
      "underflowEpisodesMean": 82.4,
      "measuredUnderflowEpisodesMean": 73.2,
      "deliveredJsonBytesMean": 216350.4,
      "displayCpuP95MeanMs": 0.0016004562377929688
    },
    {
      "scenario": "20hz_asymmetric_observers",
      "viewer": "observer_20ms",
      "mode": "latest",
      "repeats": 5,
      "motionP95Mean": 36.90000000000002,
      "motionMaxMean": 36.900000000000055,
      "sourceAgeMeanMsModel": 50.00000000000002,
      "sourceAgeP95MeanMsModel": 66.66666666666788,
      "sameTickErrorP95Mean": 0,
      "sameTickErrorMaxMean": 0,
      "zeroMotionFractionMean": 0.6739130434782609,
      "underflowEpisodesMean": 0,
      "measuredUnderflowEpisodesMean": 0,
      "deliveredJsonBytesMean": 216944,
      "displayCpuP95MeanMs": 0.0008500099182128906
    },
    {
      "scenario": "20hz_asymmetric_observers",
      "viewer": "observer_20ms",
      "mode": "interpolate",
      "repeats": 5,
      "motionP95Mean": 12.300000000001386,
      "motionMaxMean": 12.30000000000151,
      "sourceAgeMeanMsModel": 121.25,
      "sourceAgeP95MeanMsModel": 120,
      "sameTickErrorP95Mean": 0,
      "sameTickErrorMaxMean": 14.464276745004764,
      "zeroMotionFractionMean": 0.021739130434782608,
      "underflowEpisodesMean": 0,
      "measuredUnderflowEpisodesMean": 0,
      "deliveredJsonBytesMean": 216944,
      "displayCpuP95MeanMs": 0.0012830257415771484
    },
    {
      "scenario": "20hz_asymmetric_observers",
      "viewer": "observer_80ms",
      "mode": "latest",
      "repeats": 5,
      "motionP95Mean": 36.90000000000002,
      "motionMaxMean": 36.900000000000055,
      "sourceAgeMeanMsModel": 100,
      "sourceAgeP95MeanMsModel": 116.66666666666788,
      "sameTickErrorP95Mean": 0,
      "sameTickErrorMaxMean": 0,
      "zeroMotionFractionMean": 0.6739130434782609,
      "underflowEpisodesMean": 0,
      "measuredUnderflowEpisodesMean": 0,
      "deliveredJsonBytesMean": 216202,
      "displayCpuP95MeanMs": 0.0008168220520019531
    },
    {
      "scenario": "20hz_asymmetric_observers",
      "viewer": "observer_80ms",
      "mode": "interpolate",
      "repeats": 5,
      "motionP95Mean": 12.300000000001406,
      "motionMaxMean": 12.300000000001473,
      "sourceAgeMeanMsModel": 180.83333333333331,
      "sourceAgeP95MeanMsModel": 180.00000000000045,
      "sameTickErrorP95Mean": 0,
      "sameTickErrorMaxMean": 12.839562629019344,
      "zeroMotionFractionMean": 0.021739130434782608,
      "underflowEpisodesMean": 0,
      "measuredUnderflowEpisodesMean": 0,
      "deliveredJsonBytesMean": 216202,
      "displayCpuP95MeanMs": 0.0013335704803466796
    },
    {
      "scenario": "20hz_application_omission",
      "viewer": "viewer",
      "mode": "latest",
      "repeats": 5,
      "motionP95Mean": 36.900000000000055,
      "motionMaxMean": 73.80000000000011,
      "sourceAgeMeanMsModel": 73.75,
      "sourceAgeP95MeanMsModel": 116.66666666666788,
      "sameTickErrorP95Mean": 0,
      "sameTickErrorMaxMean": 0,
      "zeroMotionFractionMean": 0.7257019438444925,
      "underflowEpisodesMean": 0,
      "measuredUnderflowEpisodesMean": 0,
      "deliveredJsonBytesMean": 186632,
      "displayCpuP95MeanMs": 0.0008332252502441407
    },
    {
      "scenario": "20hz_application_omission",
      "viewer": "viewer",
      "mode": "interpolate",
      "repeats": 5,
      "motionP95Mean": 12.300000000001386,
      "motionMaxMean": 12.300000000001473,
      "sourceAgeMeanMsModel": 151.80555555555554,
      "sourceAgeP95MeanMsModel": 150.0000000000009,
      "sameTickErrorP95Mean": 0,
      "sameTickErrorMaxMean": 16.049453286275003,
      "zeroMotionFractionMean": 0.04103671706263499,
      "underflowEpisodesMean": 0,
      "measuredUnderflowEpisodesMean": 0,
      "deliveredJsonBytesMean": 186632,
      "displayCpuP95MeanMs": 0.0012418270111083985
    },
    {
      "scenario": "20hz_application_reorder",
      "viewer": "viewer",
      "mode": "latest",
      "repeats": 5,
      "motionP95Mean": 36.900000000000055,
      "motionMaxMean": 73.80000000000011,
      "sourceAgeMeanMsModel": 73.75,
      "sourceAgeP95MeanMsModel": 116.66666666666788,
      "sameTickErrorP95Mean": 0,
      "sameTickErrorMaxMean": 0,
      "zeroMotionFractionMean": 0.7257019438444925,
      "underflowEpisodesMean": 0,
      "measuredUnderflowEpisodesMean": 0,
      "deliveredJsonBytesMean": 216944,
      "displayCpuP95MeanMs": 0.0007916450500488281
    },
    {
      "scenario": "20hz_application_reorder",
      "viewer": "viewer",
      "mode": "interpolate",
      "repeats": 5,
      "motionP95Mean": 12.300000000001386,
      "motionMaxMean": 12.300000000001473,
      "sourceAgeMeanMsModel": 151.80555555555554,
      "sourceAgeP95MeanMsModel": 150.0000000000009,
      "sameTickErrorP95Mean": 0,
      "sameTickErrorMaxMean": 16.049453286275003,
      "zeroMotionFractionMean": 0.04103671706263499,
      "underflowEpisodesMean": 0,
      "measuredUnderflowEpisodesMean": 0,
      "deliveredJsonBytesMean": 216944,
      "displayCpuP95MeanMs": 0.0013082504272460937
    }
  ]
}
