{"status": "FAIL", "at": "2026-09-08T03:06:34.187478+00:00", "viewport": [1440, 900], "authentication": "actual guest HTTP redirects", "environment": "Owned loopback fixture; real headless Chrome, keyboard, Socket.IO and native Canvas/AudioContext", "limits": "Automated keyboard, not physical play; native audio method observations, not human hearing; controlled observer WebSocket closure, not WAN", "browser": "152.0.7977.77", "failure": "TimeoutError: Locator.wait_for: Timeout 20000ms exceeded.", "cases": [{"case": "real-six-point-match-and-mouse-rematch", "status": "PASS", "confirmedVisibleScores": [6, 1], "mouseRematchSameNewMatch": true, "menuDisposed": true}, {"case": "observer-alone-reconnect-with-players-live", "status": "FAIL"}], "pageErrors": [], "elapsedSeconds": 129.731}
Traceback (most recent call last):
  File "/Users/sm/dev_park/ft_transcendence_project/scripts/browser-online-final.py", line 443, in <module>
    asyncio.run(main())
  File "/opt/miniconda3/lib/python3.12/asyncio/runners.py", line 194, in run
    return runner.run(main)
           ^^^^^^^^^^^^^^^^
  File "/opt/miniconda3/lib/python3.12/asyncio/runners.py", line 118, in run
    return self._loop.run_until_complete(task)
           ^^^^^^^^^^^^^^^^^^^^^^^^^^^^^^^^^^^
  File "/opt/miniconda3/lib/python3.12/asyncio/base_events.py", line 685, in run_until_complete
    return future.result()
           ^^^^^^^^^^^^^^^
  File "/Users/sm/dev_park/ft_transcendence_project/scripts/browser-online-final.py", line 424, in main
    await getattr(checks, case)()
  File "/Users/sm/dev_park/ft_transcendence_project/scripts/browser-online-final.py", line 201, in observer
    await watcher.get_by_test_id('online-status').filter(has_text='복구').wait_for(timeout=20000)
  File "/opt/miniconda3/lib/python3.12/site-packages/playwright/async_api/_generated.py", line 17876, in wait_for
    await self._impl_obj.wait_for(timeout=timeout, state=state)
  File "/opt/miniconda3/lib/python3.12/site-packages/playwright/_impl/_locator.py", line 692, in wait_for
    await self._frame.wait_for_selector(
  File "/opt/miniconda3/lib/python3.12/site-packages/playwright/_impl/_frame.py", line 369, in wait_for_selector
    await self._channel.send(
  File "/opt/miniconda3/lib/python3.12/site-packages/playwright/_impl/_connection.py", line 69, in send
    return await self._connection.wrap_api_call(
           ^^^^^^^^^^^^^^^^^^^^^^^^^^^^^^^^^^^^^
  File "/opt/miniconda3/lib/python3.12/site-packages/playwright/_impl/_connection.py", line 558, in wrap_api_call
    raise rewrite_error(error, f"{parsed_st['apiName']}: {error}") from None
playwright._impl._errors.TimeoutError: Locator.wait_for: Timeout 20000ms exceeded.
Call log:
  - waiting for get_by_test_id("online-status").filter(has_text="복구") to be visible

