
[HEAD-source-copy]/backend/src/auth/auth.controller.ts
    1:9   error    Replace `·Controller,·ForbiddenException,·Get,·Post,·Res,·Req,·Query,·UseGuards·` with `⏎··Controller,⏎··ForbiddenException,⏎··Get,⏎··Post,⏎··Res,⏎··Req,⏎··Query,⏎··UseGuards,⏎`  prettier/prettier
    1:47  warning  'Post' is defined but never used                                                                                                                                                   @typescript-eslint/no-unused-vars
    1:63  warning  'Query' is defined but never used                                                                                                                                                  @typescript-eslint/no-unused-vars
    2:33  warning  'ApiParam' is defined but never used                                                                                                                                               @typescript-eslint/no-unused-vars
    2:66  error    Insert `;`                                                                                                                                                                         prettier/prettier
   12:1   error    Replace `↹` with `··`                                                                                                                                                              prettier/prettier
   13:1   error    Replace `↹↹` with `····`                                                                                                                                                           prettier/prettier
   14:1   error    Replace `↹↹` with `····`                                                                                                                                                           prettier/prettier
   15:1   error    Replace `↹` with `··`                                                                                                                                                              prettier/prettier
   17:1   error    Replace `↹@ApiOperation({summary:·'42·api로·인증할·Oauth·provider로·redirect함'` with `··@ApiOperation({·summary:·'42·api로·인증할·Oauth·provider로·redirect함'·`                              prettier/prettier
   18:1   error    Replace `↹` with `··`                                                                                                                                                              prettier/prettier
   19:1   error    Replace `↹` with `··`                                                                                                                                                              prettier/prettier
   20:1   error    Replace `↹` with `··`                                                                                                                                                              prettier/prettier
   20:10  error    Unexpected empty method 'login'                                                                                                                                                    @typescript-eslint/no-empty-function
   22:1   error    Replace `↹@ApiOperation({summary:·'인증·후·Oauth·provider에서·redirect되고·인증·정보를·받음'` with `··@ApiOperation({⏎····summary:·'인증·후·Oauth·provider에서·redirect되고·인증·정보를·받음',⏎··`             prettier/prettier
   24:1   error    Replace `↹` with `··`                                                                                                                                                              prettier/prettier
   25:1   error    Replace `↹` with `··`                                                                                                                                                              prettier/prettier
   26:1   error    Replace `↹↹` with `····`                                                                                                                                                           prettier/prettier
   27:1   error    Replace `↹↹` with `····`                                                                                                                                                           prettier/prettier
   28:1   error    Replace `↹↹↹` with `······`                                                                                                                                                        prettier/prettier
   29:1   error    Replace `↹↹` with `····`                                                                                                                                                           prettier/prettier
   30:1   error    Replace `↹↹` with `····`                                                                                                                                                           prettier/prettier
   31:1   error    Replace `↹` with `··`                                                                                                                                                              prettier/prettier
   33:1   error    Replace `↹@ApiOperation({summary:·'포트폴리오·데모용·게스트·계정·생성·후·로그인'` with `··@ApiOperation({·summary:·'포트폴리오·데모용·게스트·계정·생성·후·로그인'·`                                                      prettier/prettier
   34:1   error    Replace `↹` with `··`                                                                                                                                                              prettier/prettier
   51:1   error    Replace `↹↹` with `····`                                                                                                                                                           prettier/prettier
   52:1   error    Replace `↹↹↹` with `······`                                                                                                                                                        prettier/prettier
   54:1   error    Replace `↹↹` with `····`                                                                                                                                                           prettier/prettier
   55:1   error    Replace `↹↹` with `····`                                                                                                                                                           prettier/prettier
   56:1   error    Replace `↹↹` with `····`                                                                                                                                                           prettier/prettier
   57:1   error    Replace `↹↹↹` with `······`                                                                                                                                                        prettier/prettier
   58:1   error    Replace `↹↹` with `····`                                                                                                                                                           prettier/prettier
   59:1   error    Replace `↹↹` with `····`                                                                                                                                                           prettier/prettier
   60:1   error    Replace `↹` with `··`                                                                                                                                                              prettier/prettier
   62:1   error    Replace `↹@ApiOperation({summary:·'로그아웃'` with `··@ApiOperation({·summary:·'로그아웃'·`                                                                                                prettier/prettier
   63:1   error    Replace `↹` with `··`                                                                                                                                                              prettier/prettier
   64:1   error    Replace `↹` with `··`                                                                                                                                                              prettier/prettier
   65:1   error    Replace `↹` with `··`                                                                                                                                                              prettier/prettier
   66:1   error    Replace `↹↹console.log("logout\n"` with `····console.log('logout\n'`                                                                                                               prettier/prettier
   67:1   error    Replace `↹↹` with `····`                                                                                                                                                           prettier/prettier
   68:1   error    Replace `↹↹if·(user.need2fa·===·true·&&·user.is2fa·===·true)⏎↹↹↹` with `····if·(user.need2fa·===·true·&&·user.is2fa·===·true)·`                                                    prettier/prettier
   70:1   error    Replace `↹↹` with `····`                                                                                                                                                           prettier/prettier
   71:1   error    Replace `↹↹` with `····`                                                                                                                                                           prettier/prettier
   72:1   error    Replace `↹↹` with `····`                                                                                                                                                           prettier/prettier
   73:1   error    Replace `↹` with `··`                                                                                                                                                              prettier/prettier
   75:1   error    Replace `↹@ApiOperation({summary:·'2FA·인증·코드·발송'` with `··@ApiOperation({·summary:·'2FA·인증·코드·발송'·`                                                                                prettier/prettier
   76:1   error    Replace `↹` with `··`                                                                                                                                                              prettier/prettier
   77:1   error    Replace `↹` with `··`                                                                                                                                                              prettier/prettier
   79:1   error    Replace `↹↹` with `····`                                                                                                                                                           prettier/prettier
   80:1   error    Replace `↹↹` with `····`                                                                                                                                                           prettier/prettier
   81:1   error    Replace `↹↹` with `····`                                                                                                                                                           prettier/prettier
   82:1   error    Replace `↹↹` with `····`                                                                                                                                                           prettier/prettier
   83:1   error    Replace `↹` with `··`                                                                                                                                                              prettier/prettier
   85:1   error    Replace `↹@ApiOperation({summary:·'2FA·코드·인증'` with `··@ApiOperation({·summary:·'2FA·코드·인증'·`                                                                                      prettier/prettier
   86:1   error    Replace `↹` with `··`                                                                                                                                                              prettier/prettier
   87:1   error    Replace `↹` with `··`                                                                                                                                                              prettier/prettier
   88:1   error    Replace `↹` with `··`                                                                                                                                                              prettier/prettier
   89:1   error    Replace `↹↹` with `····`                                                                                                                                                           prettier/prettier
   90:1   error    Replace `↹↹` with `····`                                                                                                                                                           prettier/prettier
   91:1   error    Replace `↹↹if·(verify)⏎↹↹` with `····if·(verify)·`                                                                                                                                 prettier/prettier
   93:1   error    Replace `↹↹↹` with `······`                                                                                                                                                        prettier/prettier
   94:1   error    Replace `↹↹↹if·(user.need2fa·===·true·&&·user.is2fa·===·false)⏎↹↹↹` with `······if·(user.need2fa·===·true·&&·user.is2fa·===·false)·`                                               prettier/prettier
   96:1   error    Replace `↹↹↹↹` with `········`                                                                                                                                                     prettier/prettier
   97:1   error    Replace `↹↹↹↹` with `········`                                                                                                                                                     prettier/prettier
   98:1   error    Replace `↹↹↹` with `······`                                                                                                                                                        prettier/prettier
   99:1   error    Replace `↹↹↹console.log("2FA·인증·완료"` with `······console.log('2FA·인증·완료'`                                                                                                          prettier/prettier
  100:1   error    Replace `↹↹↹` with `······`                                                                                                                                                        prettier/prettier
  101:1   error    Replace `↹↹}⏎↹↹else⏎↹↹` with `····}·else·`                                                                                                                                         prettier/prettier
  104:1   error    Replace `↹↹↹console.log("2FA·인증·실패"` with `······console.log('2FA·인증·실패'`                                                                                                          prettier/prettier
  105:1   error    Replace `↹↹↹` with `······`                                                                                                                                                        prettier/prettier
  106:1   error    Replace `↹↹` with `····`                                                                                                                                                           prettier/prettier
  107:1   error    Replace `↹` with `··`                                                                                                                                                              prettier/prettier

[HEAD-source-copy]/backend/src/game/clock-recovery.spec.ts
   12:21  error    Replace `·snapshot:·Snapshot;·generatedAt:·number;·arrival:·number·` with `⏎··snapshot:·Snapshot;⏎··generatedAt:·number;⏎··arrival:·number;⏎`                                                                                                                      prettier/prettier
   13:31  error    Replace `·localTime:·number;·beforeTick:·number;` with `⏎··localTime:·number;⏎··beforeTick:·number;⏎·`                                                                                                                                                             prettier/prettier
   14:28  error    Replace `·alpha:·number;·movingAxes:·string[]·` with `⏎··alpha:·number;⏎··movingAxes:·string[];⏎`                                                                                                                                                                  prettier/prettier
   22:43  error    Replace `'clock-fixture',·false,·{·left:·1,·right:·2·},·0,·createSeededRng(23)` with `⏎····'clock-fixture',⏎····false,⏎····{·left:·1,·right:·2·},⏎····0,⏎····createSeededRng(23),⏎··`                                                                              prettier/prettier
   41:46  error    Replace `side,·{·v:·1,` with `⏎··········side,⏎··········{⏎············v:·1,⏎···········`                                                                                                                                                                          prettier/prettier
   42:1   error    Replace `··········generation:·this.runner.generations[side],·seq:·sequence,` with `············generation:·this.runner.generations[side],⏎············seq:·sequence,⏎···········`                                                                                 prettier/prettier
   43:11  error    Replace `up:·movingUp,·down:·!movingUp·},·now` with `··up:·movingUp,⏎············down:·!movingUp,⏎··········},⏎··········now,⏎········`                                                                                                                            prettier/prettier
   44:23  error    Insert `⏎·········`                                                                                                                                                                                                                                                prettier/prettier
   49:24  error    Replace `·snapshot:·result.snapshot,` with `⏎········snapshot:·result.snapshot,⏎·······`                                                                                                                                                                           prettier/prettier
   50:76  error    Insert `,⏎·····`                                                                                                                                                                                                                                                   prettier/prettier
   52:22  error    Replace `·this.firstSecond·=·{·ticks:·this.runner.metrics.ticks,·snapshots:·this.snapshotNumber` with `⏎······this.firstSecond·=·{⏎········ticks:·this.runner.metrics.ticks,⏎········snapshots:·this.snapshotNumber,⏎·····`                                        prettier/prettier
   58:24  warning  Forbidden non-null assertion                                                                                                                                                                                                                                       @typescript-eslint/no-non-null-assertion
   59:68  error    Insert `⏎·······`                                                                                                                                                                                                                                                  prettier/prettier
   67:48  error    Insert `⏎·······`                                                                                                                                                                                                                                                  prettier/prettier
   68:11  error    Replace `!(before.snapshot.tick·+·EPSILON·<·tick·&&·tick·<·after.snapshot.tick·-·EPSILON))` with `⏎········!(⏎··········before.snapshot.tick·+·EPSILON·<·tick·&&⏎··········tick·<·after.snapshot.tick·-·EPSILON⏎········)⏎······)⏎·······`                         prettier/prettier
   70:20  error    Replace `·(tick·-·before.snapshot.tick)·/` with `⏎········(tick·-·before.snapshot.tick)·/⏎·······`                                                                                                                                                                 prettier/prettier
   71:55  error    Replace `·next·=·coordinates(after.snapshot.state),` with `⏎········next·=·coordinates(after.snapshot.state),⏎·······`                                                                                                                                             prettier/prettier
   72:51  error    Replace `(key)·=>·Math.abs(next[key]·-·axes[key])·>·EPSILON` with `⏎········(key)·=>·Math.abs(next[key]·-·axes[key])·>·EPSILON,⏎······`                                                                                                                            prettier/prettier
   80:13  error    Replace `!(` with `⏎··········!(⏎············`                                                                                                                                                                                                                     prettier/prettier
   81:11  error    Replace `shown[key]·<·Math.max(axes[key],·next[key])·-·EPSILON))` with `··shown[key]·<·Math.max(axes[key],·next[key])·-·EPSILON⏎··········)⏎········)⏎·········`                                                                                                   prettier/prettier
   83:25  error    Replace `·localTime:·now·+·5,` with `⏎········localTime:·now·+·5,⏎·······`                                                                                                                                                                                         prettier/prettier
   84:40  error    Replace `·presentationTick:·tick,·alpha,·movingAxes` with `⏎········presentationTick:·tick,⏎········alpha,⏎········movingAxes,⏎·····`                                                                                                                              prettier/prettier
   98:37  error    Replace `this.delivered.filter((packet)·=>·packet.generatedAt·>=·resumedAt).map((packet)·=>·packet.snapshot.tick)` with `⏎······this.delivered⏎········.filter((packet)·=>·packet.generatedAt·>=·resumedAt)⏎········.map((packet)·=>·packet.snapshot.tick),⏎····`  prettier/prettier
   99:29  error    Replace `(proof)·=>` with `⏎······(proof)·=>⏎·······`                                                                                                                                                                                                              prettier/prettier
  100:1   error    Insert `··`                                                                                                                                                                                                                                                        prettier/prettier
  101:7   error    Replace `postResumeTicks.has(proof.beforeTick)·&&·postResumeTicks.has(proof.afterTick)` with `··postResumeTicks.has(proof.beforeTick)·&&⏎········postResumeTicks.has(proof.afterTick),⏎····`                                                                       prettier/prettier
  105:11  error    Replace `·ballX:·state.ball.x,·ballY:·state.ball.y,·leftY:·state.players.left.y,·rightY:·state.players.right.y` with `⏎····ballX:·state.ball.x,⏎····ballY:·state.ball.y,⏎····leftY:·state.players.left.y,⏎····rightY:·state.players.right.y,⏎·`                    prettier/prettier
  108:10  error    Replace `a.phase·===·b.phase·&&·a.rallyId·===·b.rallyId·&&` with `(⏎····a.phase·===·b.phase·&&⏎····a.rallyId·===·b.rallyId·&&⏎···`                                                                                                                                 prettier/prettier
  109:53  error    Insert `⏎···`                                                                                                                                                                                                                                                      prettier/prettier
  110:55  error    Insert `⏎···`                                                                                                                                                                                                                                                      prettier/prettier
  111:57  error    Replace `·a.players.right.powered·===·b.players.right.powered` with `⏎····a.players.right.powered·===·b.players.right.powered⏎··)`                                                                                                                                 prettier/prettier
  120:25  error    Replace `name:·string,·fixture:·CoupledClockFixture,·resumedAt:·number,·droppedBefore:·number` with `⏎··name:·string,⏎··fixture:·CoupledClockFixture,⏎··resumedAt:·number,⏎··droppedBefore:·number,⏎`                                                              prettier/prettier
  123:17  error    Replace `·name,·status:·proof·?·'PASS'·:·'FAIL',·resumedAt,` with `⏎····name,⏎····status:·proof·?·'PASS'·:·'FAIL',⏎····resumedAt,⏎···`                                                                                                                             prettier/prettier
  125:26  error    Insert `⏎···`                                                                                                                                                                                                                                                      prettier/prettier
  126:48  error    Insert `⏎···`                                                                                                                                                                                                                                                      prettier/prettier
  127:51  error    Replace `·explicitResyncs:·fixture.buffer.metrics.resyncCount` with `⏎····explicitResyncs:·fixture.buffer.metrics.resyncCount,⏎·`                                                                                                                                  prettier/prettier
  133:30  error    Replace `__dirname,·'../../../docs/home-online-polish/evidence'` with `⏎······__dirname,⏎······'../../../docs/home-online-polish/evidence',⏎····`                                                                                                                  prettier/prettier
  136:45  error    Insert `⏎·····`                                                                                                                                                                                                                                                    prettier/prettier
  137:19  error    Replace `resolve(evidence,·name·+·'.json'),·JSON.stringify(` with `⏎······resolve(evidence,·name·+·'.json'),⏎······JSON.stringify(⏎········`                                                                                                                       prettier/prettier
  138:1   error    Replace `······environment:` with `··········environment:⏎···········`                                                                                                                                                                                             prettier/prettier
  139:7   error    Replace `criterion:` with `····criterion:⏎···········`                                                                                                                                                                                                             prettier/prettier
  140:1   error    Insert `····`                                                                                                                                                                                                                                                      prettier/prettier
  141:5   error    Replace `},·null,·2)` with `····},⏎········null,⏎········2,⏎······),⏎····`                                                                                                                                                                                         prettier/prettier
  146:19  error    Replace `·name:·'normal',·status:·'PASS',` with `⏎······name:·'normal',⏎······status:·'PASS',⏎·····`                                                                                                                                                               prettier/prettier
  147:57  error    Replace `·sample:·fixture.proofs[0]` with `⏎······sample:·fixture.proofs[0],⏎···`                                                                                                                                                                                  prettier/prettier
  151:29  error    Replace `'recovers·strict·interpolation·within·300ms·after·a·%dms·server·stall',` with `⏎····'recovers·strict·interpolation·within·300ms·after·a·%dms·server·stall',⏎···`                                                                                          prettier/prettier
  152:1   error    Insert `··`                                                                                                                                                                                                                                                        prettier/prettier
  153:1   error    Insert `··`                                                                                                                                                                                                                                                        prettier/prettier
  154:1   error    Insert `··`                                                                                                                                                                                                                                                        prettier/prettier
  155:5   error    Insert `··`                                                                                                                                                                                                                                                        prettier/prettier
  156:1   error    Insert `··`                                                                                                                                                                                                                                                        prettier/prettier
  157:5   error    Insert `··`                                                                                                                                                                                                                                                        prettier/prettier
  158:1   error    Insert `··`                                                                                                                                                                                                                                                        prettier/prettier
  159:5   error    Insert `··`                                                                                                                                                                                                                                                        prettier/prettier
  160:3   error    Replace `}` with `··},⏎··`                                                                                                                                                                                                                                         prettier/prettier
  169:33  error    Insert `⏎·····`                                                                                                                                                                                                                                                    prettier/prettier
  171:54  error    Insert `⏎·····`                                                                                                                                                                                                                                                    prettier/prettier
  172:21  error    Replace `·name:·`repeated-stall-${count·+·1}`,·status:·proof·?·'PASS'·:·'FAIL',` with `⏎········name:·`repeated-stall-${count·+·1}`,⏎········status:·proof·?·'PASS'·:·'FAIL',⏎·······`                                                                             prettier/prettier
  173:62  error    Insert `⏎·······`                                                                                                                                                                                                                                                  prettier/prettier
  174:55  error    Replace `·explicitResyncs:·fixture.buffer.metrics.resyncCount` with `⏎········explicitResyncs:·fixture.buffer.metrics.resyncCount,⏎·····`                                                                                                                          prettier/prettier
  181:45  error    Replace `(index)·=>·jitter[index·%·jitter.length]` with `⏎······(index)·=>·jitter[index·%·jitter.length],⏎····`                                                                                                                                                    prettier/prettier
  186:30  error    Replace `·expect(current).toBeGreaterThanOrEqual(last);·last·=·current;` with `⏎········expect(current).toBeGreaterThanOrEqual(last);⏎········last·=·current;⏎·····`                                                                                               prettier/prettier
  190:19  error    Replace `·name:·'arrival-jitter-40ms',·status:·'PASS',` with `⏎······name:·'arrival-jitter-40ms',⏎······status:·'PASS',⏎·····`                                                                                                                                     prettier/prettier
  191:39  error    Replace `·droppedMs:·0` with `⏎······droppedMs:·0,⏎···`                                                                                                                                                                                                            prettier/prettier
  210:45  error    Replace `fixture.runner.matchId,·false,` with `⏎······fixture.runner.matchId,⏎······false,⏎·····`                                                                                                                                                                  prettier/prettier
  211:19  error    Replace `·createSeededRng(23)` with `⏎······createSeededRng(23),⏎····`                                                                                                                                                                                             prettier/prettier
  216:75  error    Replace `false` with `⏎······false,⏎····`                                                                                                                                                                                                                          prettier/prettier
  219:12  warning  Forbidden non-null assertion                                                                                                                                                                                                                                       @typescript-eslint/no-non-null-assertion
  219:66  error    Replace `readySnapshot.tick` with `⏎······readySnapshot.tick,⏎····`                                                                                                                                                                                                prettier/prettier
  221:19  error    Replace `·name:·'new-runner-instance-full-state-boundary',` with `⏎······name:·'new-runner-instance-full-state-boundary',⏎·····`                                                                                                                                   prettier/prettier
  222:31  error    Insert `⏎·····`                                                                                                                                                                                                                                                    prettier/prettier
  223:41  error    Insert `⏎·····`                                                                                                                                                                                                                                                    prettier/prettier
  224:13  error    Replace `·'Two·actual·runner·objects;·does·not·claim·process·restart·or·persistence·restoration'` with `⏎········'Two·actual·runner·objects;·does·not·claim·process·restart·or·persistence·restoration',⏎···`                                                      prettier/prettier

[HEAD-source-copy]/backend/src/game/online-result.spec.ts
   5:21  error  Replace `·result·=·new·OnlineResultNotice();·result.reset('room-1');` with `⏎····result·=·new·OnlineResultNotice();⏎····result.reset('room-1');⏎·`                                           prettier/prettier
  28:26  error  Replace `null,·true,·{},` with `⏎······null,⏎······true,⏎······{},⏎·····`                                                                                                                    prettier/prettier
  29:47  error  Replace `·{·roomId:·'room-1',·status:·'unknown'·}` with `⏎······{·roomId:·'room-1',·status:·'unknown'·},⏎····`                                                                               prettier/prettier
  35:32  error  Replace `'does·not·regress·terminal·%s·on·late·retry·events',` with `⏎····'does·not·regress·terminal·%s·on·late·retry·events',⏎···`                                                          prettier/prettier
  36:1   error  Insert `··`                                                                                                                                                                                  prettier/prettier
  37:5   error  Replace `expect(result.receive({·roomId:·'room-1',·status:·'retrying'·})).toBe(false` with `··expect(result.receive({·roomId:·'room-1',·status:·'retrying'·})).toBe(⏎········false,⏎······`  prettier/prettier
  38:1   error  Insert `··`                                                                                                                                                                                  prettier/prettier
  39:3   error  Replace `}` with `··},⏎··`                                                                                                                                                                   prettier/prettier

[HEAD-source-copy]/backend/test/home-auth-prerequisites.e2e-spec.ts
  0:0  error  Parsing error: "parserOptions.project" has been set for @typescript-eslint/parser.
The file does not match your project config: test/home-auth-prerequisites.e2e-spec.ts.
The file must be included in at least one of the projects provided

[HEAD-source-copy]/backend/test/home-guest-entry.e2e-spec.ts
  0:0  error  Parsing error: "parserOptions.project" has been set for @typescript-eslint/parser.
The file does not match your project config: test/home-guest-entry.e2e-spec.ts.
The file must be included in at least one of the projects provided

✖ 155 problems (150 errors, 5 warnings)
  147 errors and 0 warnings potentially fixable with the `--fix` option.

