
[guest-navigation] node --no-experimental-fetch node_modules/jest/bin/jest.js --config test/guest-navigation-jest.json --runInBand --watchman=false (backend cwd)
PASS src/game/guest-navigation-url.spec.ts
PASS src/game/guest-redirect-controller.spec.ts

Test Suites: 2 passed, 2 total
Tests:       40 passed, 40 total
Snapshots:   0 total
Time:        6.693 s
Ran all test suites.

[compat-hmr] node --no-experimental-fetch node_modules/jest/bin/jest.js --config test/compat-hmr-jest.json --runInBand --watchman=false (backend cwd)
PASS test/compat-hmr.spec.js
  installed Vue CLI / WDS browser-facing HMR URL
    ✓ uses public browser origin rather than the inferred private LAN when override is undefined (539 ms)
    ✓ uses public browser origin rather than the inferred private LAN when override is  (3 ms)
    ✓ uses a direct local browser port (2 ms)
    ✓ uses a reverse proxy browser port and secure protocol, without exposing internal port3000 (2 ms)
    ✓ retains an explicit public WSS override (4 ms)
    ✓ retains a valid explicit local development override (1 ms)
    ✓ rejects malformed override through the installed dev-server URL parser (11 ms)
    ✓ documents the explicit-private-override limit without making a network request (3 ms)

Test Suites: 1 passed, 1 total
Tests:       8 passed, 8 total
Snapshots:   0 total
Time:        0.886 s, estimated 1 s
Ran all test suites.

[navigation] node --no-experimental-fetch node_modules/jest/bin/jest.js --config test/navigation-jest.json --runInBand --watchman=false (backend cwd)
PASS src/game/login-intent.spec.ts
PASS src/game/connection-retry.spec.ts

Test Suites: 2 passed, 2 total
Tests:       29 passed, 29 total
Snapshots:   0 total
Time:        4.119 s, estimated 5 s
Ran all test suites.

[clock-recovery] node --no-experimental-fetch node_modules/jest/bin/jest.js --config test/clock-recovery-jest.json --runInBand --watchman=false (backend cwd)
ts-jest[config] (WARN) [94mmessage[0m[90m TS151001: [0mIf you have issues related to imports, you should consider setting `esModuleInterop` to `true` in your TypeScript configuration file (usually `tsconfig.json`). See https://blogs.msdn.microsoft.com/typescript/2018/01/31/announcing-typescript-2-7/#easier-ecmascript-module-interoperability for more information.
PASS src/game/clock-recovery.spec.ts
  real runner and buffer recover interpolation after scheduler time loss
    ✓ establishes real 60Hz simulation/20Hz delivery and strict interpolation before impairment (28 ms)
    ✓ recovers strict interpolation within 300ms after a 200ms server stall (22 ms)
    ✓ recovers strict interpolation within 300ms after a 500ms server stall (12 ms)
    ✓ recovers strict interpolation within 300ms after a 1000ms server stall (13 ms)
    ✓ recovers within the same bound after each of three separate 500ms stalls (19 ms)
    ✓ keeps real interpolation and monotone presentation under bounded ±40ms arrival jitter (30 ms)
    ✓ recovers after a deliberate 500ms server pause/resume without inventing simulation ticks (13 ms)
    ✓ requires a fresh full-state buffer to accept a new runner incarnation and rejects delayed previous-instance packets (17 ms)

Test Suites: 1 passed, 1 total
Tests:       8 passed, 8 total
Snapshots:   0 total
Time:        5.012 s, estimated 6 s
Ran all test suites.

[feedback] node --no-experimental-fetch node_modules/jest/bin/jest.js --config test/feedback-jest.json --runInBand --watchman=false (backend cwd)
ts-jest[config] (WARN) [94mmessage[0m[90m TS151001: [0mIf you have issues related to imports, you should consider setting `esModuleInterop` to `true` in your TypeScript configuration file (usually `tsconfig.json`). See https://blogs.msdn.microsoft.com/typescript/2018/01/31/announcing-typescript-2-7/#easier-ecmascript-module-interoperability for more information.
PASS src/game/audio-feedback.spec.ts
PASS src/game/online-feedback.spec.ts
PASS src/game/online-preferences.spec.ts
PASS src/game/event-presentation.spec.ts

Test Suites: 4 passed, 4 total
Tests:       18 passed, 18 total
Snapshots:   0 total
Time:        4.491 s, estimated 5 s
Ran all test suites.

[core] node --no-experimental-fetch node_modules/jest/bin/jest.js --config test/core-jest.json --runInBand --watchman=false (backend cwd)
PASS src/game/ai.spec.ts
PASS src/game/core.spec.ts
PASS src/game/protocol.spec.ts

Test Suites: 3 passed, 3 total
Tests:       47 passed, 47 total
Snapshots:   0 total
Time:        4.528 s, estimated 5 s
Ran all test suites.

[local] node --no-experimental-fetch node_modules/jest/bin/jest.js --config test/local-jest.json --runInBand --watchman=false (backend cwd)
PASS src/game/local-runner.spec.ts
  local keyboard ownership and simultaneous input
    ✓ both players hold movement while each action edge is consumed once (3 ms)
    ✓ opposite held keys are neutral, preserving an independent action (1 ms)
    ✓ only owned game keys prevent defaults; form/contenteditable input stays untouched (2 ms)
    ✓ blur/hidden clear held state and request pause; visibility return never requests resume (7 ms)
    ✓ surface blur, remapping, disable, and disposal release input (1 ms)
    ✓ attach is idempotent, Escape is a command edge, key repeat does not retrigger pause (2 ms)
    ✓ duplicate, reserved, and missing binding fields are rejected (1 ms)
    ✓ malformed persisted key fields and unavailable storage fall back to usable defaults (1 ms)
  local fixed-tick runner lifecycle
    ✓ start/stop/dispose are idempotent and late generations cannot create another RAF (2 ms)
    ✓ pause/resume drops hidden wall time and restarts with a neutral clock (3 ms)
    ✓ a long frame advances at most eight ticks and reports dropped time (3 ms)
    ✓ same seed/tick input yields identical states at 30, 60 and 120 RAF Hz (33 ms)
    ✓ separate matches, returned snapshots and restart do not share mutable state (8 ms)
    ✓ a full real-core match finishes once and restart creates another ready match (60 ms)
    ✓ restarting in an event callback cannot spend the old frame backlog on the new match (3 ms)
    ✓ a step failure stops the runner and reports the real error (3 ms)

Test Suites: 1 passed, 1 total
Tests:       16 passed, 16 total
Snapshots:   0 total
Time:        4.154 s
Ran all test suites.

[snapshot] node --no-experimental-fetch node_modules/jest/bin/jest.js --config test/snapshot-jest.json --runInBand --watchman=false (backend cwd)
ts-jest[config] (WARN) [94mmessage[0m[90m TS151001: [0mIf you have issues related to imports, you should consider setting `esModuleInterop` to `true` in your TypeScript configuration file (usually `tsconfig.json`). See https://blogs.msdn.microsoft.com/typescript/2018/01/31/announcing-typescript-2-7/#easier-ecmascript-module-interoperability for more information.
PASS src/game/snapshot-buffer.spec.ts
  captured snapshot presentation buffer
    ✓ presents real 60Hz core snapshots captured at 20Hz with 200ms injected arrival delay (25 ms)
    ✓ validates packets and caller time at runtime without changing valid state (2 ms)
    ✓ captures owned scalars and returns independently owned display state (2 ms)
    ✓ interpolates ball and both paddles with one common tick axis (3 ms)
    ✓ does not move presentation backward after a later jittered arrival or regressing local call (3 ms)
    ✓ discards late/duplicate sequences, backwards ticks and backwards arrival times (4 ms)
    ✓ freezes on underflow without extrapolation and counts underflow episodes (2 ms)
    ✓ holds across a point reset, then snaps without drawing the goal-to-center path (3 ms)
    ✓ does not interpolate across a rallyId discontinuity (4 ms)
    ✓ does not interpolate across a score discontinuity (3 ms)
    ✓ does not interpolate across a height discontinuity (4 ms)
    ✓ does not interpolate across a config discontinuity (5 ms)
    ✓ clears state on match replacement and explicit full resynchronization (1 ms)
    ✓ bounds retained snapshots at 32 and records actual sequence gaps/arrival jitter (6 ms)
    ✓ computes arrival interval statistics from actual accepted arrival times (1 ms)
    ✓ supports a latest-state comparator using the same captured snapshots (1 ms)
    ✓ re-anchors only an explicit higher epoch and retains underflow/rejection diagnostics (1 ms)
    ✓ rejects old epochs and regressing sequence/tick/arrival even when a packet claims a newer epoch (1 ms)
    ✓ requires a deliberate full reset before adopting a different same-match server instance

Test Suites: 1 passed, 1 total
Tests:       19 passed, 19 total
Snapshots:   0 total
Time:        4.176 s, estimated 5 s
Ran all test suites.

[frontend-contract] node --no-experimental-fetch node_modules/jest/bin/jest.js --config test/frontend-contract-jest.json --runInBand --watchman=false (backend cwd)
PASS src/game/frontend-lifecycle.spec.ts
  frontend game lifecycle and input contracts
    ✓ C08: repeated start owns only one RAF loop and one listener per event (106 ms)
    ✓ C08: stop removes the current loop and keyboard listeners (19 ms)
    ✓ C08: a late callback from a stopped generation cannot restart rendering (17 ms)
    ✓ C08: dispose is safe before start and when repeated (22 ms)
    ✓ C08: callbacks from a replaced generation cannot affect the new game (17 ms)
    ✓ an old route unmount cannot dispose the new route canvas session (26 ms)
    ✓ C03: server ready roomMode=true is retained (41 ms)
    ✓ C03: server ready roomMode=false is retained (28 ms)
    ✓ C04: opposing held movement keys produce neutral input (20 ms)
    ✓ C04: held movement and a Power press are both represented (16 ms)

Test Suites: 1 passed, 1 total
Tests:       10 passed, 10 total
Snapshots:   0 total
Time:        0.729 s, estimated 1 s
Ran all test suites.

[online-session] node --no-experimental-fetch node_modules/jest/bin/jest.js --config test/online-session-jest.json --runInBand --watchman=false (backend cwd)
PASS src/game/online-session.spec.ts
  actual online session class with owned fake DOM and transport
    ✓ receives 20Hz snapshots without adding RAF loops or advancing simulation (12 ms)
    ✓ restores every owned listener and cancels late callbacks when disposed repeatedly (4 ms)
    ✓ ignores late transport status callbacks after the session owner is disposed (4 ms)
    ✓ ignores missing or wrong match IDs in result and connection status events (4 ms)
    ✓ sends held movement plus one ability edge using valid increasing DTOs (6 ms)
    ✓ refreshes a held movement at 100ms without manufacturing action presses (7 ms)
    ✓ captures only the selected online three-key preset while preserving neutral input on layout changes (5 ms)
    ✓ ignores form typing and returns neutral input on focus loss (1 ms)
    ✓ clears held movement on window blur and hidden without stopping server rendering (3 ms)
    ✓ never emits spectator input, including blur, layout changes and disposal (5 ms)
    ✓ rejects invalid, wrong-match, duplicate and old snapshots (3 ms)
    ✓ clears an actual presented hit flash at disconnect without inventing another event (1 ms)
    ✓ clears an actual presented hit flash at waiting without inventing another event (5 ms)
    ✓ adopts higher clock epochs without recreating input/RAF ownership and rejects past epochs or another instance (2 ms)
    ✓ uses a new full-ready session as the explicit boundary for a different server instance
    ✓ owns ready and received snapshot data used for latest state and completion (3 ms)
    ✓ flushes the authoritative winning score on completion ahead of interpolation delay (4 ms)
    ✓ sends server-confirmed feedback to the audio adapter only at presentation time, with no ready replay (6 ms)
    ✓ immediate complete exposes final score and only terminal-tick feedback, then stops RAF/input/listeners (2 ms)
    ✓ never creates point audio on forfeit completion when no core finished event exists
    ✓ blocks old-generation input after reconnect until a new session supplies full ready (1 ms)
    ✓ measures input-to-ack round trip using the same injected local clock (3 ms)
    ✓ measures a matching latency probe with one local clock and rejects unknown nonce values
    ✓ does not accept a superseded probe callback as the current round trip (1 ms)
    ✓ does not change metrics from a latency probe callback after disposal (1 ms)
  identified recovery request lifecycle
    ✓ requests last match identity and times out once without declaring an outcome (1 ms)
    ✓ rejects malformed, old-request and wrong-match replies and consumes the current reply once (1 ms)
    ✓ handles automatic ready before recovery acknowledgement without duplicate session construction (1 ms)
    ✓ does not reinterpret a higher input generation as permission to replace an active server instance (1 ms)
    ✓ keeps the owner timeout when a matching recovery ACK contains an inadmissible server instance (2 ms)
    ✓ ignores an old ready or end after a different match and blocks duplicate ends (2 ms)
    ✓ clears pending work and rejects callbacks after disposal (1 ms)
    ✓ resubscribes an observer without accepting player control or an old target response (1 ms)
    ✓ expires the installed Socket.IO ACK registry and send buffer after unacknowledged recovery (5 ms)

Test Suites: 1 passed, 1 total
Tests:       34 passed, 34 total
Snapshots:   0 total
Time:        0.594 s, estimated 1 s
Ran all test suites.

[online-result] node --no-experimental-fetch node_modules/jest/bin/jest.js --config test/online-result-jest.json --runInBand --watchman=false (backend cwd)
PASS src/game/online-result.spec.ts
  online result persistence notice
    ✓ never infers durable success from a match ending alone (2 ms)
    ✓ retains a failed save when the outcome screen requests its status
    ✓ reports saved only after the matching room receives saved confirmation (1 ms)
    ✓ ignores stale rooms, missing identity and malformed persistence states (2 ms)
    ✓ does not regress terminal saved on late retry events (1 ms)
    ✓ does not regress terminal failed on late retry events (2 ms)
    ✓ clears notices for new ready and ignores the previous match thereafter (2 ms)
    ✓ accepts only a current-room simulation abort and never turns it into a saved result (2 ms)

Test Suites: 1 passed, 1 total
Tests:       8 passed, 8 total
Snapshots:   0 total
Time:        0.424 s, estimated 1 s
Ran all test suites.

[arcade] node --no-experimental-fetch node_modules/jest/bin/jest.js --config test/arcade-jest.json --runInBand --watchman=false (backend cwd)
PASS src/game/legacy-regression.spec.ts (5.112 s)
  legacy normal-rally characterization (observed rules, not new contracts)
    ✓ moves a free ball by the legacy per-call velocity (2 ms)
    ✓ reflects the vertical velocity at the upper wall (1 ms)
    ✓ uses the legacy center-hit bias and charges only once while touching (1 ms)
    ✓ clamps upward movement at the top edge (1 ms)
    ✓ activates a fully charged Power paddle at its valid lower bound (1 ms)
    ✓ keeps at most one waiting player through the current sequential join path (4 ms)
  expected contracts: baseline regression candidates
    ✓ C01 removes only the requested user and preserves unrelated invitations (1 ms)
    ✓ C02 leaves unrelated invitations intact when the requested invite is absent (2 ms)
    ✓ C02 leaves present spectators intact when the requested spectator is absent (1 ms)
    ✓ C07 preserves a legal full downward step near the lower bound
    ✓ C09 publishes the actual generated match id returned by persistence (1 ms)
    ✓ C10 rejects a result update that affected no database row (1 ms)
    ✓ C10 reserves finalization before waiting for persistence during disconnect (1 ms)

Test Suites: 1 passed, 1 total
Tests:       13 passed, 13 total
Snapshots:   0 total
Time:        5.171 s, estimated 6 s
Ran all test suites.

[server] node --no-experimental-fetch node_modules/jest/bin/jest.js --config test/server-jest.json --runInBand --watchman=false (backend cwd)
PASS src/game/session-recovery.spec.ts
PASS src/game/game-session.spec.ts
PASS src/game/server-match-runner.spec.ts

Test Suites: 3 passed, 3 total
Tests:       31 passed, 31 total
Snapshots:   0 total
Time:        5.131 s, estimated 6 s
Ran all test suites.
All 13 unit suites completed successfully.
