
/Users/sm/dev_park/ft_transcendence_project/backend/src/auth/auth.controller.ts
   1:9   error    Replace `·Controller,·ForbiddenException,·Get,·Post,·Res,·Req,·Query,·UseGuards·` with `⏎··Controller,⏎··ForbiddenException,⏎··Get,⏎··Post,⏎··Res,⏎··Req,⏎··Query,⏎··UseGuards,⏎`  prettier/prettier
   1:47  warning  'Post' is defined but never used                                                                                                                                                   @typescript-eslint/no-unused-vars
   1:63  warning  'Query' is defined but never used                                                                                                                                                  @typescript-eslint/no-unused-vars
   2:33  warning  'ApiParam' is defined but never used                                                                                                                                               @typescript-eslint/no-unused-vars
   2:66  error    Insert `;`                                                                                                                                                                         prettier/prettier
  12:1   error    Replace `↹` with `··`                                                                                                                                                              prettier/prettier
  13:1   error    Replace `↹↹` with `····`                                                                                                                                                           prettier/prettier
  14:1   error    Replace `↹↹` with `····`                                                                                                                                                           prettier/prettier
  15:1   error    Replace `↹` with `··`                                                                                                                                                              prettier/prettier
  17:1   error    Replace `↹@ApiOperation({summary:·'42·api로·인증할·Oauth·provider로·redirect함'` with `··@ApiOperation({·summary:·'42·api로·인증할·Oauth·provider로·redirect함'·`                              prettier/prettier
  18:1   error    Replace `↹` with `··`                                                                                                                                                              prettier/prettier
  19:1   error    Replace `↹` with `··`                                                                                                                                                              prettier/prettier
  20:1   error    Replace `↹` with `··`                                                                                                                                                              prettier/prettier
  20:10  error    Unexpected empty method 'login'                                                                                                                                                    @typescript-eslint/no-empty-function
  22:1   error    Replace `↹@ApiOperation({summary:·'인증·후·Oauth·provider에서·redirect되고·인증·정보를·받음'` with `··@ApiOperation({⏎····summary:·'인증·후·Oauth·provider에서·redirect되고·인증·정보를·받음',⏎··`             prettier/prettier
  24:1   error    Replace `↹` with `··`                                                                                                                                                              prettier/prettier
  25:1   error    Replace `↹` with `··`                                                                                                                                                              prettier/prettier
  26:1   error    Replace `↹↹` with `····`                                                                                                                                                           prettier/prettier
  27:1   error    Replace `↹↹` with `····`                                                                                                                                                           prettier/prettier
  28:1   error    Replace `↹↹↹` with `······`                                                                                                                                                        prettier/prettier
  29:1   error    Replace `↹↹` with `····`                                                                                                                                                           prettier/prettier
  30:1   error    Replace `↹↹` with `····`                                                                                                                                                           prettier/prettier
  31:1   error    Replace `↹` with `··`                                                                                                                                                              prettier/prettier
  33:1   error    Replace `↹@ApiOperation({summary:·'포트폴리오·데모용·게스트·계정·생성·후·로그인'` with `··@ApiOperation({·summary:·'포트폴리오·데모용·게스트·계정·생성·후·로그인'·`                                                      prettier/prettier
  34:1   error    Replace `↹` with `··`                                                                                                                                                              prettier/prettier
  36:1   error    Replace `↹↹` with `····`                                                                                                                                                           prettier/prettier
  37:1   error    Replace `↹↹↹` with `······`                                                                                                                                                        prettier/prettier
  39:1   error    Replace `↹↹` with `····`                                                                                                                                                           prettier/prettier
  40:1   error    Replace `↹↹` with `····`                                                                                                                                                           prettier/prettier
  41:1   error    Replace `↹↹` with `····`                                                                                                                                                           prettier/prettier
  42:1   error    Replace `↹↹↹` with `······`                                                                                                                                                        prettier/prettier
  43:1   error    Replace `↹↹` with `····`                                                                                                                                                           prettier/prettier
  44:1   error    Replace `↹↹` with `····`                                                                                                                                                           prettier/prettier
  45:1   error    Replace `↹` with `··`                                                                                                                                                              prettier/prettier
  47:1   error    Replace `↹@ApiOperation({summary:·'로그아웃'` with `··@ApiOperation({·summary:·'로그아웃'·`                                                                                                prettier/prettier
  48:1   error    Replace `↹` with `··`                                                                                                                                                              prettier/prettier
  49:1   error    Replace `↹` with `··`                                                                                                                                                              prettier/prettier
  50:1   error    Replace `↹` with `··`                                                                                                                                                              prettier/prettier
  51:1   error    Replace `↹↹console.log("logout\n"` with `····console.log('logout\n'`                                                                                                               prettier/prettier
  52:1   error    Replace `↹↹` with `····`                                                                                                                                                           prettier/prettier
  53:1   error    Replace `↹↹if·(user.need2fa·===·true·&&·user.is2fa·===·true)⏎↹↹↹` with `····if·(user.need2fa·===·true·&&·user.is2fa·===·true)·`                                                    prettier/prettier
  55:1   error    Replace `↹↹` with `····`                                                                                                                                                           prettier/prettier
  56:1   error    Replace `↹↹` with `····`                                                                                                                                                           prettier/prettier
  57:1   error    Replace `↹↹` with `····`                                                                                                                                                           prettier/prettier
  58:1   error    Replace `↹` with `··`                                                                                                                                                              prettier/prettier
  60:1   error    Replace `↹@ApiOperation({summary:·'2FA·인증·코드·발송'` with `··@ApiOperation({·summary:·'2FA·인증·코드·발송'·`                                                                                prettier/prettier
  61:1   error    Replace `↹` with `··`                                                                                                                                                              prettier/prettier
  62:1   error    Replace `↹` with `··`                                                                                                                                                              prettier/prettier
  64:1   error    Replace `↹↹` with `····`                                                                                                                                                           prettier/prettier
  65:1   error    Replace `↹↹` with `····`                                                                                                                                                           prettier/prettier
  66:1   error    Replace `↹↹` with `····`                                                                                                                                                           prettier/prettier
  67:1   error    Replace `↹↹` with `····`                                                                                                                                                           prettier/prettier
  68:1   error    Replace `↹` with `··`                                                                                                                                                              prettier/prettier
  70:1   error    Replace `↹@ApiOperation({summary:·'2FA·코드·인증'` with `··@ApiOperation({·summary:·'2FA·코드·인증'·`                                                                                      prettier/prettier
  71:1   error    Replace `↹` with `··`                                                                                                                                                              prettier/prettier
  72:1   error    Replace `↹` with `··`                                                                                                                                                              prettier/prettier
  73:1   error    Replace `↹` with `··`                                                                                                                                                              prettier/prettier
  74:1   error    Replace `↹↹` with `····`                                                                                                                                                           prettier/prettier
  75:1   error    Replace `↹↹` with `····`                                                                                                                                                           prettier/prettier
  76:1   error    Replace `↹↹if·(verify)⏎↹↹` with `····if·(verify)·`                                                                                                                                 prettier/prettier
  78:1   error    Replace `↹↹↹` with `······`                                                                                                                                                        prettier/prettier
  79:1   error    Replace `↹↹↹if·(user.need2fa·===·true·&&·user.is2fa·===·false)⏎↹↹↹` with `······if·(user.need2fa·===·true·&&·user.is2fa·===·false)·`                                               prettier/prettier
  81:1   error    Replace `↹↹↹↹` with `········`                                                                                                                                                     prettier/prettier
  82:1   error    Replace `↹↹↹↹` with `········`                                                                                                                                                     prettier/prettier
  83:1   error    Replace `↹↹↹` with `······`                                                                                                                                                        prettier/prettier
  84:1   error    Replace `↹↹↹console.log("2FA·인증·완료"` with `······console.log('2FA·인증·완료'`                                                                                                          prettier/prettier
  85:1   error    Replace `↹↹↹` with `······`                                                                                                                                                        prettier/prettier
  86:1   error    Replace `↹↹}⏎↹↹else⏎↹↹` with `····}·else·`                                                                                                                                         prettier/prettier
  89:1   error    Replace `↹↹↹console.log("2FA·인증·실패"` with `······console.log('2FA·인증·실패'`                                                                                                          prettier/prettier
  90:1   error    Replace `↹↹↹` with `······`                                                                                                                                                        prettier/prettier
  91:1   error    Replace `↹↹` with `····`                                                                                                                                                           prettier/prettier
  92:1   error    Replace `↹` with `··`                                                                                                                                                              prettier/prettier

✖ 72 problems (69 errors, 3 warnings)
  68 errors and 0 warnings potentially fixable with the `--fix` option.

